<html>
<body>
<pre>
<h1>µVision Build Log</h1>
<h2>Tool Versions:</h2>
IDE-Version: ¦ÌVision V5.14.0.0
Copyright (C) 2015 ARM Ltd and ARM Germany GmbH. All rights reserved.
License Information: l xz, 1, LIC=NHYH9-47UGW-E0AN4-FAHYA-3NT0C-7CAJ3
 
Tool Versions:
Toolchain:       MDK-ARM Professional  Version: 5.14.0.0
Toolchain Path:  C:\Keil_v5\ARM\ARMCC\Bin
C Compiler:      Armcc.exe V5.05 update 1 (build 106)
Assembler:       Armasm.exe V5.05 update 1 (build 106)
Linker/Locator:  ArmLink.exe V5.05 update 1 (build 106)
Library Manager: ArmAr.exe V5.05 update 1 (build 106)
Hex Converter:   FromElf.exe V5.05 update 1 (build 106)
CPU DLL:         SARMCM3.DLL V5.14.0.0
Dialog DLL:      DCM.DLL V1.13.1.0
Target DLL:      Segger\JL2CM3.dll V2.99.13.0
Dialog DLL:      TCM.DLL V1.14.4.0
 
<h2>Project:</h2>
C:\Users\13520\Desktop\Ñà¹é³²\1\UBLOX\Projects\MDK-ARM\atk_f103.uvprojx
Project File Date:  06/20/2024

<h2>Output:</h2>
Build target 'ATK-MO1218'
assembling startup_stm32f10x_md.s...
compiling main.c...
compiling system_stm32f1xx.c...
compiling stm32f1xx_it.c...
compiling demo.c...
..\..\User\demo.c(235): warning:  #177-D: variable "t" was declared but never referenced
          uint8_t t = 0;
..\..\User\demo.c: 1 warning, 0 errors
compiling delay.c...
compiling sys.c...
compiling usart.c...
..\..\Drivers\SYSTEM\usart\usart.c(265): warning:  #167-D: argument of type "uint8_t *" is incompatible with parameter of type "const char *"
      if(strstr(USART_RX_BUF,a)!=NULL)
..\..\Drivers\SYSTEM\usart\usart.c: 1 warning, 0 errors
compiling stm32f1xx_hal.c...
compiling stm32f1xx_hal_cortex.c...
compiling stm32f1xx_hal_dma.c...
compiling stm32f1xx_hal_gpio.c...
compiling stm32f1xx_hal_gpio_ex.c...
compiling stm32f1xx_hal_pwr.c...
compiling stm32f1xx_hal_rcc.c...
compiling stm32f1xx_hal_rcc_ex.c...
compiling stm32f1xx_hal_uart.c...
compiling stm32f1xx_hal_usart.c...
compiling stm32f1xx_hal_sram.c...
compiling stm32f1xx_ll_fsmc.c...
compiling stm32f1xx_hal_tim.c...
compiling stm32f1xx_hal_tim_ex.c...
compiling led.c...
compiling key.c...
compiling lcd.c...
compiling dht11.c...
compiling BH1750.c...
..\..\Drivers\BSP\BH1750\BH1750.c(169): warning:  #174-D: expression has no effect
        BH1750_iic_start;
..\..\Drivers\BSP\BH1750\BH1750.c(182): warning:  #174-D: expression has no effect
        BH1750_iic_stop;
..\..\Drivers\BSP\BH1750\BH1750.c(194): warning:  #140-D: too many arguments in function call
      BUF[i] = BH1750_RecvByte(0);          //BUF[0]´æ´¢¸ß8Î»£¬BUF[1]´æ´¢µÍ8Î»
..\..\Drivers\BSP\BH1750\BH1750.c: 3 warnings, 0 errors
compiling atk_mw8266d.c...
compiling atk_mw8266d_uart.c...
linking...
Program Size: Code=19592 RO-data=848 RW-data=44 ZI-data=2284  
FromELF: creating hex file...
"..\..\Output\atk_f103.axf" - 0 Error(s), 5 Warning(s).

<h2>Collection of Component include folders:</h2>
  C:\Users\13520\Desktop\Ñà¹é³²\1\UBLOX\Projects\MDK-ARM\RTE
  C:\Keil_v5\ARM\PACK\APEXMIC\APM32F1xx_DFP\1.0.4

<h2>Collection of Component Files used:</h2>
</pre>
</body>
</html>
