Component: ARM Compiler 5.05 update 1 (build 106) Tool: armlink [4d0efa]

==============================================================================

Section Cross References

    startup_stm32f10x_md.o(STACK) refers (Special) to heapauxi.o(.text) for __use_two_region_memory
    startup_stm32f10x_md.o(HEAP) refers (Special) to heapauxi.o(.text) for __use_two_region_memory
    startup_stm32f10x_md.o(RESET) refers (Special) to heapauxi.o(.text) for __use_two_region_memory
    startup_stm32f10x_md.o(RESET) refers to startup_stm32f10x_md.o(STACK) for __initial_sp
    startup_stm32f10x_md.o(RESET) refers to startup_stm32f10x_md.o(.text) for Reset_Handler
    startup_stm32f10x_md.o(RESET) refers to stm32f1xx_it.o(i.NMI_Handler) for NMI_Handler
    startup_stm32f10x_md.o(RESET) refers to stm32f1xx_it.o(i.HardFault_Handler) for HardFault_Handler
    startup_stm32f10x_md.o(RESET) refers to stm32f1xx_it.o(i.MemManage_Handler) for MemManage_Handler
    startup_stm32f10x_md.o(RESET) refers to stm32f1xx_it.o(i.BusFault_Handler) for BusFault_Handler
    startup_stm32f10x_md.o(RESET) refers to stm32f1xx_it.o(i.UsageFault_Handler) for UsageFault_Handler
    startup_stm32f10x_md.o(RESET) refers to stm32f1xx_it.o(i.SVC_Handler) for SVC_Handler
    startup_stm32f10x_md.o(RESET) refers to stm32f1xx_it.o(i.DebugMon_Handler) for DebugMon_Handler
    startup_stm32f10x_md.o(RESET) refers to usart.o(i.USART1_IRQHandler) for USART1_IRQHandler
    startup_stm32f10x_md.o(RESET) refers to atk_mw8266d_uart.o(i.USART2_IRQHandler) for USART2_IRQHandler
    startup_stm32f10x_md.o(.text) refers (Special) to heapauxi.o(.text) for __use_two_region_memory
    startup_stm32f10x_md.o(.text) refers to system_stm32f1xx.o(i.SystemInit) for SystemInit
    startup_stm32f10x_md.o(.text) refers to __main.o(!!!main) for __main
    startup_stm32f10x_md.o(.text) refers to startup_stm32f10x_md.o(HEAP) for Heap_Mem
    startup_stm32f10x_md.o(.text) refers to startup_stm32f10x_md.o(STACK) for Stack_Mem
    main.o(i.main) refers to stm32f1xx_hal.o(i.HAL_Init) for HAL_Init
    main.o(i.main) refers to sys.o(i.sys_stm32_clock_init) for sys_stm32_clock_init
    main.o(i.main) refers to delay.o(i.delay_init) for delay_init
    main.o(i.main) refers to usart.o(i.usart_init) for usart_init
    main.o(i.main) refers to led.o(i.led_init) for led_init
    main.o(i.main) refers to key.o(i.key_init) for key_init
    main.o(i.main) refers to main.o(i.show_mesg) for show_mesg
    main.o(i.main) refers to demo.o(i.demo_run) for demo_run
    main.o(i.show_mesg) refers to __2printf.o(.text) for __2printf
    system_stm32f1xx.o(i.SystemCoreClockUpdate) refers to system_stm32f1xx.o(.data) for SystemCoreClock
    system_stm32f1xx.o(i.SystemCoreClockUpdate) refers to system_stm32f1xx.o(.constdata) for AHBPrescTable
    demo.o(i.demo_key0_fun) refers to atk_mw8266d.o(i.atk_mw8266d_at_test) for atk_mw8266d_at_test
    demo.o(i.demo_key0_fun) refers to __2printf.o(.text) for __2printf
    demo.o(i.demo_key0_fun) refers to atk_mw8266d_uart.o(i.atk_mw8266d_uart_printf) for atk_mw8266d_uart_printf
    demo.o(i.demo_key1_fun) refers to atk_mw8266d.o(i.atk_mw8266d_enter_unvarnished) for atk_mw8266d_enter_unvarnished
    demo.o(i.demo_key1_fun) refers to __2printf.o(.text) for __2printf
    demo.o(i.demo_key1_fun) refers to atk_mw8266d.o(i.atk_mw8266d_exit_unvarnished) for atk_mw8266d_exit_unvarnished
    demo.o(i.demo_run) refers to _printf_percent.o(.ARM.Collect$$_printf_percent$$00000000) for _printf_percent
    demo.o(i.demo_run) refers to _printf_d.o(.ARM.Collect$$_printf_percent$$00000009) for _printf_d
    demo.o(i.demo_run) refers to _printf_dec.o(.text) for _printf_int_dec
    demo.o(i.demo_run) refers to _printf_f.o(.ARM.Collect$$_printf_percent$$00000003) for _printf_f
    demo.o(i.demo_run) refers to printf1.o(x$fpl$printf1) for _printf_fp_dec
    demo.o(i.demo_run) refers to usart.o(i.clrStruct) for clrStruct
    demo.o(i.demo_run) refers to dht11.o(i.dht11_init) for dht11_init
    demo.o(i.demo_run) refers to atk_mw8266d.o(i.atk_mw8266d_init) for atk_mw8266d_init
    demo.o(i.demo_run) refers to __2printf.o(.text) for __2printf
    demo.o(i.demo_run) refers to stm32f1xx_hal_gpio.o(i.HAL_GPIO_TogglePin) for HAL_GPIO_TogglePin
    demo.o(i.demo_run) refers to delay.o(i.delay_ms) for delay_ms
    demo.o(i.demo_run) refers to atk_mw8266d.o(i.atk_mw8266d_restore) for atk_mw8266d_restore
    demo.o(i.demo_run) refers to atk_mw8266d.o(i.atk_mw8266d_at_test) for atk_mw8266d_at_test
    demo.o(i.demo_run) refers to atk_mw8266d.o(i.atk_mw8266d_set_mode) for atk_mw8266d_set_mode
    demo.o(i.demo_run) refers to atk_mw8266d.o(i.atk_mw8266d_sw_reset) for atk_mw8266d_sw_reset
    demo.o(i.demo_run) refers to atk_mw8266d.o(i.atk_mw8266d_ate_config) for atk_mw8266d_ate_config
    demo.o(i.demo_run) refers to atk_mw8266d.o(i.atk_mw8266d_join_ap) for atk_mw8266d_join_ap
    demo.o(i.demo_run) refers to atk_mw8266d.o(i.atk_mw8266d_get_ip) for atk_mw8266d_get_ip
[...]
    i.HAL_MspInit                            0x08002540   Section        0  stm32f1xx_hal.o(i.HAL_MspInit)
    i.HAL_NVIC_EnableIRQ                     0x08002542   Section        0  stm32f1xx_hal_cortex.o(i.HAL_NVIC_EnableIRQ)
    i.HAL_NVIC_SetPriority                   0x08002562   Section        0  stm32f1xx_hal_cortex.o(i.HAL_NVIC_SetPriority)
    i.HAL_NVIC_SetPriorityGrouping           0x080025e0   Section        0  stm32f1xx_hal_cortex.o(i.HAL_NVIC_SetPriorityGrouping)
    i.HAL_RCC_ClockConfig                    0x08002608   Section        0  stm32f1xx_hal_rcc.o(i.HAL_RCC_ClockConfig)
    i.HAL_RCC_GetHCLKFreq                    0x08002794   Section        0  stm32f1xx_hal_rcc.o(i.HAL_RCC_GetHCLKFreq)
    i.HAL_RCC_GetPCLK1Freq                   0x080027a0   Section        0  stm32f1xx_hal_rcc.o(i.HAL_RCC_GetPCLK1Freq)
    i.HAL_RCC_GetPCLK2Freq                   0x080027c0   Section        0  stm32f1xx_hal_rcc.o(i.HAL_RCC_GetPCLK2Freq)
    i.HAL_RCC_GetSysClockFreq                0x080027e0   Section        0  stm32f1xx_hal_rcc.o(i.HAL_RCC_GetSysClockFreq)
    i.HAL_RCC_OscConfig                      0x08002874   Section        0  stm32f1xx_hal_rcc.o(i.HAL_RCC_OscConfig)
    i.HAL_SYSTICK_CLKSourceConfig            0x08002cd8   Section        0  stm32f1xx_hal_cortex.o(i.HAL_SYSTICK_CLKSourceConfig)
    i.HAL_SYSTICK_Config                     0x08002d00   Section        0  stm32f1xx_hal_cortex.o(i.HAL_SYSTICK_Config)
    i.HAL_UART_ErrorCallback                 0x08002d34   Section        0  stm32f1xx_hal_uart.o(i.HAL_UART_ErrorCallback)
    i.HAL_UART_IRQHandler                    0x08002d38   Section        0  stm32f1xx_hal_uart.o(i.HAL_UART_IRQHandler)
    i.HAL_UART_Init                          0x08002e8c   Section        0  stm32f1xx_hal_uart.o(i.HAL_UART_Init)
    i.HAL_UART_MspInit                       0x08002f00   Section        0  usart.o(i.HAL_UART_MspInit)
    i.HAL_UART_Receive                       0x08003074   Section        0  stm32f1xx_hal_uart.o(i.HAL_UART_Receive)
    i.HAL_UART_Receive_IT                    0x0800314c   Section        0  stm32f1xx_hal_uart.o(i.HAL_UART_Receive_IT)
    i.HAL_UART_RxCpltCallback                0x080031bc   Section        0  usart.o(i.HAL_UART_RxCpltCallback)
    i.HAL_UART_Transmit                      0x08003258   Section        0  stm32f1xx_hal_uart.o(i.HAL_UART_Transmit)
    i.HAL_UART_TxCpltCallback                0x0800332a   Section        0  stm32f1xx_hal_uart.o(i.HAL_UART_TxCpltCallback)
    i.HardFault_Handler                      0x0800332c   Section        0  stm32f1xx_it.o(i.HardFault_Handler)
    i.Init_BH1750                            0x08003330   Section        0  bh1750.o(i.Init_BH1750)
    i.MemManage_Handler                      0x08003384   Section        0  stm32f1xx_it.o(i.MemManage_Handler)
    i.NMI_Handler                            0x08003388   Section        0  stm32f1xx_it.o(i.NMI_Handler)
    i.RCC_Delay                              0x0800338c   Section        0  stm32f1xx_hal_rcc.o(i.RCC_Delay)
    RCC_Delay                                0x0800338d   Thumb Code    36  stm32f1xx_hal_rcc.o(i.RCC_Delay)
    i.SVC_Handler                            0x080033b4   Section        0  stm32f1xx_it.o(i.SVC_Handler)
    i.Single_Write_BH1750                    0x080033b6   Section        0  bh1750.o(i.Single_Write_BH1750)
    i.SystemInit                             0x080033d0   Section        0  system_stm32f1xx.o(i.SystemInit)
    i.UART_DMAAbortOnError                   0x080033d2   Section        0  stm32f1xx_hal_uart.o(i.UART_DMAAbortOnError)
    UART_DMAAbortOnError                     0x080033d3   Thumb Code    20  stm32f1xx_hal_uart.o(i.UART_DMAAbortOnError)
    i.UART_EndRxTransfer                     0x080033e6   Section        0  stm32f1xx_hal_uart.o(i.UART_EndRxTransfer)
    UART_EndRxTransfer                       0x080033e7   Thumb Code    32  stm32f1xx_hal_uart.o(i.UART_EndRxTransfer)
    i.UART_EndTransmit_IT                    0x08003406   Section        0  stm32f1xx_hal_uart.o(i.UART_EndTransmit_IT)
    UART_EndTransmit_IT                      0x08003407   Thumb Code    32  stm32f1xx_hal_uart.o(i.UART_EndTransmit_IT)
    i.UART_Receive_IT                        0x08003426   Section        0  stm32f1xx_hal_uart.o(i.UART_Receive_IT)
    UART_Receive_IT                          0x08003427   Thumb Code   160  stm32f1xx_hal_uart.o(i.UART_Receive_IT)
    i.UART_SetConfig                         0x080034c8   Section        0  stm32f1xx_hal_uart.o(i.UART_SetConfig)
    UART_SetConfig                           0x080034c9   Thumb Code   248  stm32f1xx_hal_uart.o(i.UART_SetConfig)
    i.UART_Transmit_IT                       0x080035c4   Section        0  stm32f1xx_hal_uart.o(i.UART_Transmit_IT)
    UART_Transmit_IT                         0x080035c5   Thumb Code    96  stm32f1xx_hal_uart.o(i.UART_Transmit_IT)
    i.UART_WaitOnFlagUntilTimeout            0x08003624   Section        0  stm32f1xx_hal_uart.o(i.UART_WaitOnFlagUntilTimeout)
    UART_WaitOnFlagUntilTimeout              0x08003625   Thumb Code   108  stm32f1xx_hal_uart.o(i.UART_WaitOnFlagUntilTimeout)
    i.USART1_IRQHandler                      0x08003690   Section        0  usart.o(i.USART1_IRQHandler)
    i.USART2_IRQHandler                      0x080036b4   Section        0  atk_mw8266d_uart.o(i.USART2_IRQHandler)
    i.UsageFault_Handler                     0x080037b8   Section        0  stm32f1xx_it.o(i.UsageFault_Handler)
    i.__ARM_fpclassify                       0x080037bc   Section        0  fpclassify.o(i.__ARM_fpclassify)
    i.__NVIC_GetPriorityGrouping             0x080037e4   Section        0  stm32f1xx_hal_cortex.o(i.__NVIC_GetPriorityGrouping)
    __NVIC_GetPriorityGrouping               0x080037e5   Thumb Code    10  stm32f1xx_hal_cortex.o(i.__NVIC_GetPriorityGrouping)
    i.__NVIC_SetPriority                     0x080037f4   Section        0  stm32f1xx_hal_cortex.o(i.__NVIC_SetPriority)
    __NVIC_SetPriority                       0x080037f5   Thumb Code    32  stm32f1xx_hal_cortex.o(i.__NVIC_SetPriority)
    i._is_digit                              0x0800381c   Section        0  __printf_wp.o(i._is_digit)
    i._sys_exit                              0x0800382a   Section        0  usart.o(i._sys_exit)
    i.atk_mw8266d_at_test                    0x08003830   Section        0  atk_mw8266d.o(i.atk_mw8266d_at_test)
    i.atk_mw8266d_ate_config                 0x08003860   Section        0  atk_mw8266d.o(i.atk_mw8266d_ate_config)
    i.atk_mw8266d_connect_tcp_server         0x080038b0   Section        0  atk_mw8266d.o(i.atk_mw8266d_connect_tcp_server)
    i.atk_mw8266d_enter_unvarnished          0x08003904   Section        0  atk_mw8266d.o(i.atk_mw8266d_enter_unvarnished)
    i.atk_mw8266d_exit_unvarnished           0x08003954   Section        0  atk_mw8266d.o(i.atk_mw8266d_exit_unvarnished)
    i.atk_mw8266d_get_ip                     0x08003964   Section        0  atk_mw8266d.o(i.atk_mw8266d_get_ip)
    i.atk_mw8266d_hw_init                    0x080039c4   Section        0  atk_mw8266d.o(i.atk_mw8266d_hw_init)
    atk_mw8266d_hw_init                      0x080039c5   Thumb Code    62  atk_mw8266d.o(i.atk_mw8266d_hw_init)
    i.atk_mw8266d_hw_reset                   0x08003a0c   Section        0  atk_mw8266d.o(i.atk_mw8266d_hw_reset)
    i.atk_mw8266d_init                       0x08003a40   Section        0  atk_mw8266d.o(i.atk_mw8266d_init)
    i.atk_mw8266d_join_ap                    0x08003a60   Section        0  atk_mw8266d.o(i.atk_mw8266d_join_ap)
    i.atk_mw8266d_restore                    0x08003ab0   Section        0  atk_mw8266d.o(i.atk_mw8266d_restore)
    i.atk_mw8266d_send_at_cmd                0x08003ae0   Section        0  atk_mw8266d.o(i.atk_mw8266d_send_at_cmd)
    i.atk_mw8266d_set_mode                   0x08003b38   Section        0  atk_mw8266d.o(i.atk_mw8266d_set_mode)
    i.atk_mw8266d_sw_reset                   0x08003bb4   Section        0  atk_mw8266d.o(i.atk_mw8266d_sw_reset)
    i.atk_mw8266d_uart_init                  0x08003bdc   Section        0  atk_mw8266d_uart.o(i.atk_mw8266d_uart_init)
    i.atk_mw8266d_uart_printf                0x08003c0c   Section        0  atk_mw8266d_uart.o(i.atk_mw8266d_uart_printf)
    i.atk_mw8266d_uart_rx_get_frame          0x08003c48   Section        0  atk_mw8266d_uart.o(i.atk_mw8266d_uart_rx_get_frame)
    i.atk_mw8266d_uart_rx_restart            0x08003c74   Section        0  atk_mw8266d_uart.o(i.atk_mw8266d_uart_rx_restart)
    i.clrStruct                              0x08003c98   Section        0  usart.o(i.clrStruct)
    i.delay_init                             0x08003ce4   Section        0  delay.o(i.delay_init)
    i.delay_ms                               0x08003d0c   Section        0  delay.o(i.delay_ms)
    i.delay_us                               0x08003d44   Section        0  delay.o(i.delay_us)
    i.demo_key0_fun                          0x08003d90   Section        0  demo.o(i.demo_key0_fun)
    demo_key0_fun                            0x08003d91   Thumb Code    38  demo.o(i.demo_key0_fun)
    i.demo_key1_fun                          0x08003e08   Section        0  demo.o(i.demo_key1_fun)
    demo_key1_fun                            0x08003e09   Thumb Code    52  demo.o(i.demo_key1_fun)
    i.demo_run                               0x08003e84   Section        0  demo.o(i.demo_run)
    i.demo_show_ip                           0x080040c4   Section        0  demo.o(i.demo_show_ip)
    demo_show_ip                             0x080040c5   Thumb Code    14  demo.o(i.demo_show_ip)
    i.demo_upload_data                       0x080040e0   Section        0  demo.o(i.demo_upload_data)
    demo_upload_data                         0x080040e1   Thumb Code    30  demo.o(i.demo_upload_data)
    i.dht11_check                            0x08004104   Section        0  dht11.o(i.dht11_check)
    i.dht11_init                             0x0800415c   Section        0  dht11.o(i.dht11_init)
    i.dht11_read_bit                         0x080041b0   Section        0  dht11.o(i.dht11_read_bit)
    i.dht11_read_byte                        0x0800420c   Section        0  dht11.o(i.dht11_read_byte)
    dht11_read_byte                          0x0800420d   Thumb Code    30  dht11.o(i.dht11_read_byte)
    i.dht11_read_data                        0x0800422a   Section        0  dht11.o(i.dht11_read_data)
    i.dht11_reset                            0x08004284   Section        0  dht11.o(i.dht11_reset)
    dht11_reset                              0x08004285   Thumb Code    46  dht11.o(i.dht11_reset)
    i.errorLog                               0x080042b8   Section        0  usart.o(i.errorLog)
    i.fputc                                  0x080042d4   Section        0  usart.o(i.fputc)
    i.key_init                               0x080042f0   Section        0  key.o(i.key_init)
    i.led_init                               0x080043a8   Section        0  led.o(i.led_init)
    i.main                                   0x08004438   Section        0  main.o(i.main)
    i.mread                                  0x08004468   Section        0  bh1750.o(i.mread)
    i.parseGpsBuffer                         0x080044ac   Section        0  usart.o(i.parseGpsBuffer)
    i.read_BH1750                            0x080045b4   Section        0  bh1750.o(i.read_BH1750)
    i.select_transmode                       0x08004600   Section        0  demo.o(i.select_transmode)
    i.show_mesg                              0x08004624   Section        0  main.o(i.show_mesg)
    i.sys_stm32_clock_init                   0x08004684   Section        0  sys.o(i.sys_stm32_clock_init)
    i.uploadGpsBuffer                        0x080046dc   Section        0  usart.o(i.uploadGpsBuffer)
    i.usart_init                             0x08004804   Section        0  usart.o(i.usart_init)
    locale$$code                             0x0800483c   Section       44  lc_numeric_c.o(locale$$code)
    locale$$code                             0x08004868   Section       44  lc_ctype_c.o(locale$$code)
    x$fpl$d2f                                0x08004894   Section       98  d2f.o(x$fpl$d2f)
    x$fpl$ddiv                               0x080048f8   Section      688  ddiv.o(x$fpl$ddiv)
    ddiv_entry                               0x080048ff   Thumb Code     0  ddiv.o(x$fpl$ddiv)
    x$fpl$dflt                               0x08004ba8   Section       46  dflt_clz.o(x$fpl$dflt)
    x$fpl$dnaninf                            0x08004bd6   Section      156  dnaninf.o(x$fpl$dnaninf)
    x$fpl$dretinf                            0x08004c72   Section       12  dretinf.o(x$fpl$dretinf)
    x$fpl$f2d                                0x08004c80   Section       86  f2d.o(x$fpl$f2d)
    x$fpl$fnaninf                            0x08004cd6   Section      140  fnaninf.o(x$fpl$fnaninf)
    x$fpl$fretinf                            0x08004d62   Section       10  fretinf.o(x$fpl$fretinf)
    x$fpl$printf1                            0x08004d6c   Section        4  printf1.o(x$fpl$printf1)
    x$fpl$printf2                            0x08004d70   Section        4  printf2.o(x$fpl$printf2)
    .constdata                               0x08004d74   Section       24  system_stm32f1xx.o(.constdata)
    x$fpl$usenofp                            0x08004d74   Section        0  usenofp.o(x$fpl$usenofp)
    .constdata                               0x08004d8c   Section       40  _printf_hex_int_ll_ptr.o(.constdata)
    uc_hextab                                0x08004d8c   Data          20  _printf_hex_int_ll_ptr.o(.constdata)
    lc_hextab                                0x08004da0   Data          20  _printf_hex_int_ll_ptr.o(.constdata)
    .constdata                               0x08004db4   Section       17  __printf_flags_ss_wp.o(.constdata)
    maptable                                 0x08004db4   Data          17  __printf_flags_ss_wp.o(.constdata)
    .constdata                               0x08004dc8   Section        8  _printf_wctomb.o(.constdata)
    initial_mbstate                          0x08004dc8   Data           8  _printf_wctomb.o(.constdata)
    .constdata                               0x08004dd0   Section       38  _printf_fp_hex.o(.constdata)
    lc_hextab                                0x08004dd0   Data          19  _printf_fp_hex.o(.constdata)
    uc_hextab                                0x08004de3   Data          19  _printf_fp_hex.o(.constdata)
    .constdata                               0x08004df8   Section      148  bigflt0.o(.constdata)
    tenpwrs_x                                0x08004df8   Data          60  bigflt0.o(.constdata)
    tenpwrs_i                                0x08004e34   Data          64  bigflt0.o(.constdata)
    locale$$data                             0x08004eac   Section       28  lc_numeric_c.o(locale$$data)
    __lcnum_c_name                           0x08004eb0   Data           2  lc_numeric_c.o(locale$$data)
    __lcnum_c_start                          0x08004eb8   Data           0  lc_numeric_c.o(locale$$data)
    __lcnum_c_point                          0x08004ec4   Data           0  lc_numeric_c.o(locale$$data)
    __lcnum_c_thousands                      0x08004ec6   Data           0  lc_numeric_c.o(locale$$data)
    __lcnum_c_grouping                       0x08004ec7   Data           0  lc_numeric_c.o(locale$$data)
    locale$$data                             0x08004ec8   Section      272  lc_ctype_c.o(locale$$data)
    __lcnum_c_end                            0x08004ec8   Data           0  lc_numeric_c.o(locale$$data)
    __lcctype_c_name                         0x08004ecc   Data           2  lc_ctype_c.o(locale$$data)
    __lcctype_c_start                        0x08004ed4   Data           0  lc_ctype_c.o(locale$$data)
    __lcctype_c_end                          0x08004fd8   Data           0  lc_ctype_c.o(locale$$data)
    .data                                    0x20000000   Section        4  system_stm32f1xx.o(.data)
    .data                                    0x20000004   Section        2  delay.o(.data)
    g_fac_us                                 0x20000004   Data           2  delay.o(.data)
    .data                                    0x20000008   Section        9  usart.o(.data)
    .data                                    0x20000014   Section        9  stm32f1xx_hal.o(.data)
    .data                                    0x20000020   Section       12  bh1750.o(.data)
    .bss                                     0x2000002c   Section      388  usart.o(.bss)
    .bss                                     0x200001b0   Section      258  atk_mw8266d_uart.o(.bss)
    g_uart_handle                            0x200001b0   Data          64  atk_mw8266d_uart.o(.bss)
    g_uart_rx_frame                          0x200001f0   Data         130  atk_mw8266d_uart.o(.bss)
    g_uart_tx_buf                            0x20000272   Data          64  atk_mw8266d_uart.o(.bss)
    .bss                                     0x200002b4   Section       96  libspace.o(.bss)
    HEAP                                     0x20000318   Section      512  startup_stm32f10x_md.o(HEAP)
    Heap_Mem                                 0x20000318   Data         512  startup_stm32f10x_md.o(HEAP)
    STACK                                    0x20000518   Section     1024  startup_stm32f10x_md.o(STACK)
    Stack_Mem                                0x20000518   Data        1024  startup_stm32f10x_md.o(STACK)
    __initial_sp                             0x20000918   Data           0  startup_stm32f10x_md.o(STACK)

    Global Symbols

    Symbol Name                              Value     Ov Type        Size  Object(Section)

    BuildAttributes$$THM_ISAv4$P$D$K$B$S$PE$A:L22UL41UL21$X:L11$S22US41US21$IEEE1$IW$USESV6$~STKCKD$USESV7$~SHL$OTIME$ROPI$IEEEJ$EBA8$UX$STANDARDLIB$REQ8$PRES8$EABIv2 0x00000000   Number         0  anon$$obj.o ABSOLUTE
    __ARM_use_no_argv                        0x00000000   Number         0  main.o ABSOLUTE
    _printf_flags                            0x00000000   Number         0  printf_stubs.o ABSOLUTE
    _printf_return_value                     0x00000000   Number         0  printf_stubs.o ABSOLUTE
    _printf_sizespec                         0x00000000   Number         0  printf_stubs.o ABSOLUTE
    _printf_widthprec                        0x00000000   Number         0  printf_stubs.o ABSOLUTE
    __ARM_exceptions_init                     - Undefined Weak Reference
    __alloca_initialize                       - Undefined Weak Reference
    __arm_preinit_                            - Undefined Weak Reference
    __cpp_initialize__aeabi_                  - Undefined Weak Reference
    __cxa_finalize                            - Undefined Weak Reference
    __sigvec_lookup                           - Undefined Weak Reference
    _atexit_init                              - Undefined Weak Reference
    _call_atexit_fns                          - Undefined Weak Reference
    _clock_init                               - Undefined Weak Reference
    _fp_trap_init                             - Undefined Weak Reference
    _fp_trap_shutdown                         - Undefined Weak Reference
    _get_lc_collate                           - Undefined Weak Reference
    _get_lc_monetary                          - Undefined Weak Reference
    _get_lc_time                              - Undefined Weak Reference
    _getenv_init                              - Undefined Weak Reference
    _handle_redirection                       - Undefined Weak Reference
    _init_alloc                               - Undefined Weak Reference
    _init_user_alloc                          - Undefined Weak Reference
    _initio                                   - Undefined Weak Reference
    _mutex_acquire                            - Undefined Weak Reference
    _mutex_release                            - Undefined Weak Reference
    _printf_mbtowc                            - Undefined Weak Reference
    _printf_wc                                - Undefined Weak Reference
    _rand_init                                - Undefined Weak Reference
    _signal_finish                            - Undefined Weak Reference
    _signal_init                              - Undefined Weak Reference
    _terminate_alloc                          - Undefined Weak Reference
    _terminate_user_alloc                     - Undefined Weak Reference
    _terminateio                              - Undefined Weak Reference
    __Vectors_Size                           0x000000ec   Number         0  startup_stm32f10x_md.o ABSOLUTE
    __Vectors                                0x08000000   Data           4  startup_stm32f10x_md.o(RESET)
    __Vectors_End                            0x080000ec   Data           0  startup_stm32f10x_md.o(RESET)
    __main                                   0x080000ed   Thumb Code     8  __main.o(!!!main)
    __scatterload                            0x080000f5   Thumb Code     0  __scatter.o(!!!scatter)
    __scatterload_rt2                        0x080000f5   Thumb Code    44  __scatter.o(!!!scatter)
    __scatterload_rt2_thumb_only             0x080000f5   Thumb Code     0  __scatter.o(!!!scatter)
    __scatterload_null                       0x08000103   Thumb Code     0  __scatter.o(!!!scatter)
    __scatterload_copy                       0x08000129   Thumb Code    26  __scatter_copy.o(!!handler_copy)
    __scatterload_zeroinit                   0x08000145   Thumb Code    28  __scatter_zi.o(!!handler_zi)
    _printf_n                                0x08000161   Thumb Code     0  _printf_n.o(.ARM.Collect$$_printf_percent$$00000001)
    _printf_percent                          0x08000161   Thumb Code     0  _printf_percent.o(.ARM.Collect$$_printf_percent$$00000000)
    _printf_p                                0x08000167   Thumb Code     0  _printf_p.o(.ARM.Collect$$_printf_percent$$00000002)
    _printf_f                                0x0800016d   Thumb Code     0  _printf_f.o(.ARM.Collect$$_printf_percent$$00000003)
    _printf_e                                0x08000173   Thumb Code     0  _printf_e.o(.ARM.Collect$$_printf_percent$$00000004)
    _printf_g                                0x08000179   Thumb Code     0  _printf_g.o(.ARM.Collect$$_printf_percent$$00000005)
    _printf_a                                0x0800017f   Thumb Code     0  _printf_a.o(.ARM.Collect$$_printf_percent$$00000006)
    _printf_ll                               0x08000185   Thumb Code     0  _printf_ll.o(.ARM.Collect$$_printf_percent$$00000007)
    _printf_i                                0x0800018f   Thumb Code     0  _printf_i.o(.ARM.Collect$$_printf_percent$$00000008)
    _printf_d                                0x08000195   Thumb Code     0  _printf_d.o(.ARM.Collect$$_printf_percent$$00000009)
    _printf_u                                0x0800019b   Thumb Code     0  _printf_u.o(.ARM.Collect$$_printf_percent$$0000000A)
    _printf_o                                0x080001a1   Thumb Code     0  _printf_o.o(.ARM.Collect$$_printf_percent$$0000000B)
    _printf_x                                0x080001a7   Thumb Code     0  _printf_x.o(.ARM.Collect$$_printf_percent$$0000000C)
    _printf_lli                              0x080001ad   Thumb Code     0  _printf_lli.o(.ARM.Collect$$_printf_percent$$0000000D)
    _printf_lld                              0x080001b3   Thumb Code     0  _printf_lld.o(.ARM.Collect$$_printf_percent$$0000000E)
    _printf_llu                              0x080001b9   Thumb Code     0  _printf_llu.o(.ARM.Collect$$_printf_percent$$0000000F)
    _printf_llo                              0x080001bf   Thumb Code     0  _printf_llo.o(.ARM.Collect$$_printf_percent$$00000010)
    _printf_llx                              0x080001c5   Thumb Code     0  _printf_llx.o(.ARM.Collect$$_printf_percent$$00000011)
    _printf_l                                0x080001cb   Thumb Code     0  _printf_l.o(.ARM.Collect$$_printf_percent$$00000012)
    _printf_c                                0x080001d5   Thumb Code     0  _printf_c.o(.ARM.Collect$$_printf_percent$$00000013)
    _printf_s                                0x080001db   Thumb Code     0  _printf_s.o(.ARM.Collect$$_printf_percent$$00000014)
    _printf_lc                               0x080001e1   Thumb Code     0  _printf_lc.o(.ARM.Collect$$_printf_percent$$00000015)
    _printf_ls                               0x080001e7   Thumb Code     0  _printf_ls.o(.ARM.Collect$$_printf_percent$$00000016)
    _printf_percent_end                      0x080001ed   Thumb Code     0  _printf_percent_end.o(.ARM.Collect$$_printf_percent$$00000017)
    __rt_lib_init                            0x080001f1   Thumb Code     0  libinit.o(.ARM.Collect$$libinit$$00000000)
    __rt_lib_init_fp_1                       0x080001f3   Thumb Code     0  libinit2.o(.ARM.Collect$$libinit$$00000002)
    __rt_lib_init_heap_1                     0x080001f3   Thumb Code     0  libinit2.o(.ARM.Collect$$libinit$$0000000A)
    __rt_lib_init_lc_common                  0x080001f3   Thumb Code     0  libinit2.o(.ARM.Collect$$libinit$$0000000F)
    __rt_lib_init_preinit_1                  0x080001f3   Thumb Code     0  libinit2.o(.ARM.Collect$$libinit$$00000004)
    __rt_lib_init_rand_1                     0x080001f3   Thumb Code     0  libinit2.o(.ARM.Collect$$libinit$$0000000E)
    __rt_lib_init_user_alloc_1               0x080001f3   Thumb Code     0  libinit2.o(.ARM.Collect$$libinit$$0000000C)
    __rt_lib_init_lc_collate_1               0x080001f9   Thumb Code     0  libinit2.o(.ARM.Collect$$libinit$$00000011)
    __rt_lib_init_lc_ctype_2                 0x080001f9   Thumb Code     0  libinit2.o(.ARM.Collect$$libinit$$00000012)
    __rt_lib_init_lc_ctype_1                 0x08000205   Thumb Code     0  libinit2.o(.ARM.Collect$$libinit$$00000013)
    __rt_lib_init_lc_monetary_1              0x08000205   Thumb Code     0  libinit2.o(.ARM.Collect$$libinit$$00000015)
    __rt_lib_init_lc_numeric_2               0x08000205   Thumb Code     0  libinit2.o(.ARM.Collect$$libinit$$00000016)
    __rt_lib_init_alloca_1                   0x0800020f   Thumb Code     0  libinit2.o(.ARM.Collect$$libinit$$0000002E)
    __rt_lib_init_argv_1                     0x0800020f   Thumb Code     0  libinit2.o(.ARM.Collect$$libinit$$0000002C)
    __rt_lib_init_atexit_1                   0x0800020f   Thumb Code     0  libinit2.o(.ARM.Collect$$libinit$$0000001B)
    __rt_lib_init_clock_1                    0x0800020f   Thumb Code     0  libinit2.o(.ARM.Collect$$libinit$$00000021)
    __rt_lib_init_cpp_1                      0x0800020f   Thumb Code     0  libinit2.o(.ARM.Collect$$libinit$$00000032)
    __rt_lib_init_exceptions_1               0x0800020f   Thumb Code     0  libinit2.o(.ARM.Collect$$libinit$$00000030)
    __rt_lib_init_fp_trap_1                  0x0800020f   Thumb Code     0  libinit2.o(.ARM.Collect$$libinit$$0000001F)
    __rt_lib_init_getenv_1                   0x0800020f   Thumb Code     0  libinit2.o(.ARM.Collect$$libinit$$00000023)
    __rt_lib_init_lc_numeric_1               0x0800020f   Thumb Code     0  libinit2.o(.ARM.Collect$$libinit$$00000017)
    __rt_lib_init_lc_time_1                  0x0800020f   Thumb Code     0  libinit2.o(.ARM.Collect$$libinit$$00000019)
    __rt_lib_init_return                     0x0800020f   Thumb Code     0  libinit2.o(.ARM.Collect$$libinit$$00000033)
    __rt_lib_init_signal_1                   0x0800020f   Thumb Code     0  libinit2.o(.ARM.Collect$$libinit$$0000001D)
    __rt_lib_init_stdio_1                    0x0800020f   Thumb Code     0  libinit2.o(.ARM.Collect$$libinit$$00000025)
    __rt_lib_shutdown                        0x08000211   Thumb Code     0  libshutdown.o(.ARM.Collect$$libshutdown$$00000000)
    __rt_lib_shutdown_fp_trap_1              0x08000213   Thumb Code     0  libshutdown2.o(.ARM.Collect$$libshutdown$$00000006)
    __rt_lib_shutdown_heap_1                 0x08000213   Thumb Code     0  libshutdown2.o(.ARM.Collect$$libshutdown$$0000000E)
    __rt_lib_shutdown_return                 0x08000213   Thumb Code     0  libshutdown2.o(.ARM.Collect$$libshutdown$$0000000F)
    __rt_lib_shutdown_signal_1               0x08000213   Thumb Code     0  libshutdown2.o(.ARM.Collect$$libshutdown$$00000009)
    __rt_lib_shutdown_stdio_1                0x08000213   Thumb Code     0  libshutdown2.o(.ARM.Collect$$libshutdown$$00000003)
    __rt_lib_shutdown_user_alloc_1           0x08000213   Thumb Code     0  libshutdown2.o(.ARM.Collect$$libshutdown$$0000000B)
    __rt_entry                               0x08000215   Thumb Code     0  __rtentry.o(.ARM.Collect$$rtentry$$00000000)
    __rt_entry_presh_1                       0x08000215   Thumb Code     0  __rtentry2.o(.ARM.Collect$$rtentry$$00000002)
    __rt_entry_sh                            0x08000215   Thumb Code     0  __rtentry4.o(.ARM.Collect$$rtentry$$00000004)
    __rt_entry_li                            0x0800021b   Thumb Code     0  __rtentry2.o(.ARM.Collect$$rtentry$$0000000A)
    __rt_entry_postsh_1                      0x0800021b   Thumb Code     0  __rtentry2.o(.ARM.Collect$$rtentry$$00000009)
    __rt_entry_main                          0x0800021f   Thumb Code     0  __rtentry2.o(.ARM.Collect$$rtentry$$0000000D)
    __rt_entry_postli_1                      0x0800021f   Thumb Code     0  __rtentry2.o(.ARM.Collect$$rtentry$$0000000C)
    __rt_exit                                0x08000227   Thumb Code     0  rtexit.o(.ARM.Collect$$rtexit$$00000000)
    __rt_exit_ls                             0x08000229   Thumb Code     0  rtexit2.o(.ARM.Collect$$rtexit$$00000003)
    __rt_exit_prels_1                        0x08000229   Thumb Code     0  rtexit2.o(.ARM.Collect$$rtexit$$00000002)
    __rt_exit_exit                           0x0800022d   Thumb Code     0  rtexit2.o(.ARM.Collect$$rtexit$$00000004)
    Reset_Handler                            0x08000235   Thumb Code     8  startup_stm32f10x_md.o(.text)
    PendSV_Handler                           0x0800024b   Thumb Code     2  startup_stm32f10x_md.o(.text)
    SysTick_Handler                          0x0800024d   Thumb Code     2  startup_stm32f10x_md.o(.text)
    ADC1_2_IRQHandler                        0x0800024f   Thumb Code     0  startup_stm32f10x_md.o(.text)
    CAN1_RX1_IRQHandler                      0x0800024f   Thumb Code     0  startup_stm32f10x_md.o(.text)
    CAN1_SCE_IRQHandler                      0x0800024f   Thumb Code     0  startup_stm32f10x_md.o(.text)
    DMA1_Channel1_IRQHandler                 0x0800024f   Thumb Code     0  startup_stm32f10x_md.o(.text)
    DMA1_Channel2_IRQHandler                 0x0800024f   Thumb Code     0  startup_stm32f10x_md.o(.text)
    DMA1_Channel3_IRQHandler                 0x0800024f   Thumb Code     0  startup_stm32f10x_md.o(.text)
    DMA1_Channel4_IRQHandler                 0x0800024f   Thumb Code     0  startup_stm32f10x_md.o(.text)
    DMA1_Channel5_IRQHandler                 0x0800024f   Thumb Code     0  startup_stm32f10x_md.o(.text)
    DMA1_Channel6_IRQHandler                 0x0800024f   Thumb Code     0  startup_stm32f10x_md.o(.text)
    DMA1_Channel7_IRQHandler                 0x0800024f   Thumb Code     0  startup_stm32f10x_md.o(.text)
    EXTI0_IRQHandler                         0x0800024f   Thumb Code     0  startup_stm32f10x_md.o(.text)
    EXTI15_10_IRQHandler                     0x0800024f   Thumb Code     0  startup_stm32f10x_md.o(.text)
    EXTI1_IRQHandler                         0x0800024f   Thumb Code     0  startup_stm32f10x_md.o(.text)
    EXTI2_IRQHandler                         0x0800024f   Thumb Code     0  startup_stm32f10x_md.o(.text)
    EXTI3_IRQHandler                         0x0800024f   Thumb Code     0  startup_stm32f10x_md.o(.text)
    EXTI4_IRQHandler                         0x0800024f   Thumb Code     0  startup_stm32f10x_md.o(.text)
    EXTI9_5_IRQHandler                       0x0800024f   Thumb Code     0  startup_stm32f10x_md.o(.text)
    FLASH_IRQHandler                         0x0800024f   Thumb Code     0  startup_stm32f10x_md.o(.text)
    I2C1_ER_IRQHandler                       0x0800024f   Thumb Code     0  startup_stm32f10x_md.o(.text)
    I2C1_EV_IRQHandler                       0x0800024f   Thumb Code     0  startup_stm32f10x_md.o(.text)
    I2C2_ER_IRQHandler                       0x0800024f   Thumb Code     0  startup_stm32f10x_md.o(.text)
    I2C2_EV_IRQHandler                       0x0800024f   Thumb Code     0  startup_stm32f10x_md.o(.text)
    PVD_IRQHandler                           0x0800024f   Thumb Code     0  startup_stm32f10x_md.o(.text)
    RCC_IRQHandler                           0x0800024f   Thumb Code     0  startup_stm32f10x_md.o(.text)
    RTCAlarm_IRQHandler                      0x0800024f   Thumb Code     0  startup_stm32f10x_md.o(.text)
    RTC_IRQHandler                           0x0800024f   Thumb Code     0  startup_stm32f10x_md.o(.text)
    SPI1_IRQHandler                          0x0800024f   Thumb Code     0  startup_stm32f10x_md.o(.text)
    SPI2_IRQHandler                          0x0800024f   Thumb Code     0  startup_stm32f10x_md.o(.text)
    TAMPER_IRQHandler                        0x0800024f   Thumb Code     0  startup_stm32f10x_md.o(.text)
    TIM1_BRK_IRQHandler                      0x0800024f   Thumb Code     0  startup_stm32f10x_md.o(.text)
    TIM1_CC_IRQHandler                       0x0800024f   Thumb Code     0  startup_stm32f10x_md.o(.text)
    TIM1_TRG_COM_IRQHandler                  0x0800024f   Thumb Code     0  startup_stm32f10x_md.o(.text)
    TIM1_UP_IRQHandler                       0x0800024f   Thumb Code     0  startup_stm32f10x_md.o(.text)
    TIM2_IRQHandler                          0x0800024f   Thumb Code     0  startup_stm32f10x_md.o(.text)
    TIM3_IRQHandler                          0x0800024f   Thumb Code     0  startup_stm32f10x_md.o(.text)
    TIM4_IRQHandler                          0x0800024f   Thumb Code     0  startup_stm32f10x_md.o(.text)
    USART3_IRQHandler                        0x0800024f   Thumb Code     0  startup_stm32f10x_md.o(.text)
    USBWakeUp_IRQHandler                     0x0800024f   Thumb Code     0  startup_stm32f10x_md.o(.text)
    USB_HP_CAN1_TX_IRQHandler                0x0800024f   Thumb Code     0  startup_stm32f10x_md.o(.text)
    USB_LP_CAN1_RX0_IRQHandler               0x0800024f   Thumb Code     0  startup_stm32f10x_md.o(.text)
    WWDG_IRQHandler                          0x0800024f   Thumb Code     0  startup_stm32f10x_md.o(.text)
    __user_initial_stackheap                 0x08000251   Thumb Code     0  startup_stm32f10x_md.o(.text)
    __use_no_semihosting                     0x08000275   Thumb Code     2  use_no_semi_2.o(.text)
    printf                                   0x08000279   Thumb Code    20  printf.o(.text)
    vsprintf                                 0x08000291   Thumb Code    32  vsprintf.o(.text)
    __2printf                                0x080002b5   Thumb Code    20  __2printf.o(.text)
    __2sprintf                               0x080002cd   Thumb Code    38  __2sprintf.o(.text)
    _printf_str                              0x080002f9   Thumb Code    82  _printf_str.o(.text)
    _printf_int_dec                          0x0800034d   Thumb Code   104  _printf_dec.o(.text)
    _printf_longlong_hex                     0x080003c5   Thumb Code    86  _printf_hex_int_ll_ptr.o(.text)
    _printf_int_hex                          0x0800041b   Thumb Code    28  _printf_hex_int_ll_ptr.o(.text)
    _printf_ll_hex                           0x08000437   Thumb Code    12  _printf_hex_int_ll_ptr.o(.text)
    _printf_hex_ptr                          0x08000443   Thumb Code    18  _printf_hex_int_ll_ptr.o(.text)
    __printf                                 0x08000459   Thumb Code   388  __printf_flags_ss_wp.o(.text)
    strstr                                   0x080005e1   Thumb Code    36  strstr.o(.text)
    strlen                                   0x08000605   Thumb Code    62  strlen.o(.text)
    __aeabi_memcpy                           0x08000643   Thumb Code     0  rt_memcpy_v6.o(.text)
    __rt_memcpy                              0x08000643   Thumb Code   138  rt_memcpy_v6.o(.text)
    _memcpy_lastbytes                        0x080006a9   Thumb Code     0  rt_memcpy_v6.o(.text)
    __aeabi_memclr                           0x080006cd   Thumb Code     0  rt_memclr.o(.text)
    __rt_memclr                              0x080006cd   Thumb Code    68  rt_memclr.o(.text)
    _memset                                  0x080006d1   Thumb Code     0  rt_memclr.o(.text)
    __aeabi_memclr4                          0x08000711   Thumb Code     0  rt_memclr_w.o(.text)
    __aeabi_memclr8                          0x08000711   Thumb Code     0  rt_memclr_w.o(.text)
    __rt_memclr_w                            0x08000711   Thumb Code    78  rt_memclr_w.o(.text)
    _memset_w                                0x08000715   Thumb Code     0  rt_memclr_w.o(.text)
    __use_two_region_memory                  0x0800075f   Thumb Code     2  heapauxi.o(.text)
    __rt_heap_escrow$2region                 0x08000761   Thumb Code     2  heapauxi.o(.text)
    __rt_heap_expand$2region                 0x08000763   Thumb Code     2  heapauxi.o(.text)
    __semihosting$guard                      0x08000765   Thumb Code     0  use_no_semi.o(.text)
    __use_no_semihosting_swi                 0x08000765   Thumb Code     2  use_no_semi.o(.text)
    _printf_pre_padding                      0x08000767   Thumb Code    44  _printf_pad.o(.text)
    _printf_post_padding                     0x08000793   Thumb Code    34  _printf_pad.o(.text)
    _printf_truncate_signed                  0x080007b5   Thumb Code    18  _printf_truncate.o(.text)
    _printf_truncate_unsigned                0x080007c7   Thumb Code    18  _printf_truncate.o(.text)
    _printf_int_common                       0x080007d9   Thumb Code   178  _printf_intcommon.o(.text)
    _printf_charcount                        0x0800088b   Thumb Code    40  _printf_charcount.o(.text)
    __lib_sel_fp_printf                      0x080008b3   Thumb Code     2  _printf_fp_dec.o(.text)
    _printf_fp_dec_real                      0x08000a61   Thumb Code   620  _printf_fp_dec.o(.text)
    _printf_char_common                      0x08000cd7   Thumb Code    32  _printf_char_common.o(.text)
    _sputc                                   0x08000cfd   Thumb Code    10  _sputc.o(.text)
    _printf_cs_common                        0x08000d07   Thumb Code    20  _printf_char.o(.text)
    _printf_char                             0x08000d1b   Thumb Code    16  _printf_char.o(.text)
    _printf_string                           0x08000d2b   Thumb Code     8  _printf_char.o(.text)
    _printf_char_file                        0x08000d35   Thumb Code    32  _printf_char_file.o(.text)
    _printf_wctomb                           0x08000d59   Thumb Code   182  _printf_wctomb.o(.text)
    _printf_longlong_dec                     0x08000e15   Thumb Code   108  _printf_longlong_dec.o(.text)
    _printf_longlong_oct                     0x08000e91   Thumb Code    68  _printf_oct_int_ll.o(.text)
    _printf_int_oct                          0x08000ed5   Thumb Code    24  _printf_oct_int_ll.o(.text)
    _printf_ll_oct                           0x08000eed   Thumb Code    12  _printf_oct_int_ll.o(.text)
    __aeabi_memcpy4                          0x08000f01   Thumb Code     0  rt_memcpy_w.o(.text)
    __aeabi_memcpy8                          0x08000f01   Thumb Code     0  rt_memcpy_w.o(.text)
    __rt_memcpy_w                            0x08000f01   Thumb Code   100  rt_memcpy_w.o(.text)
    _memcpy_lastbytes_aligned                0x08000f49   Thumb Code     0  rt_memcpy_w.o(.text)
    __rt_locale                              0x08000f65   Thumb Code     8  rt_locale_intlibspace.o(.text)
    _ll_udiv10                               0x08000f6d   Thumb Code   138  lludiv10.o(.text)
    _printf_fp_hex_real                      0x08000ff9   Thumb Code   754  _printf_fp_hex.o(.text)
    _printf_fp_infnan                        0x080012f5   Thumb Code   112  _printf_fp_infnan.o(.text)
    _printf_lcs_common                       0x08001375   Thumb Code    20  _printf_wchar.o(.text)
    _printf_wchar                            0x08001389   Thumb Code    16  _printf_wchar.o(.text)
    _printf_wstring                          0x08001399   Thumb Code     8  _printf_wchar.o(.text)
    _btod_etento                             0x080013a1   Thumb Code   216  bigflt0.o(.text)
    ferror                                   0x0800147d   Thumb Code     8  ferror.o(.text)
    _wcrtomb                                 0x08001485   Thumb Code    64  _wcrtomb.o(.text)
    __user_libspace                          0x080014c5   Thumb Code     8  libspace.o(.text)
    __user_perproc_libspace                  0x080014c5   Thumb Code     0  libspace.o(.text)
    __user_perthread_libspace                0x080014c5   Thumb Code     0  libspace.o(.text)
    __user_setup_stackheap                   0x080014cd   Thumb Code    74  sys_stackheap_outer.o(.text)
    __rt_ctype_table                         0x08001519   Thumb Code    16  rt_ctype_table.o(.text)
    exit                                     0x08001529   Thumb Code    12  exit.o(.text)
    strcmp                                   0x08001535   Thumb Code   128  strcmpv7m.o(.text)
    _btod_d2e                                0x080015b5   Thumb Code    62  btod.o(CL$$btod_d2e)
    _d2e_denorm_low                          0x080015f3   Thumb Code    70  btod.o(CL$$btod_d2e_denorm_low)
    _d2e_norm_op1                            0x08001639   Thumb Code    96  btod.o(CL$$btod_d2e_norm_op1)
    __btod_div_common                        0x08001699   Thumb Code   696  btod.o(CL$$btod_div_common)
    _e2e                                     0x080019d1   Thumb Code   198  btod.o(CL$$btod_e2e)
    _btod_ediv                               0x08001a97   Thumb Code    40  btod.o(CL$$btod_ediv)
    _btod_emul                               0x08001abf   Thumb Code    40  btod.o(CL$$btod_emul)
    __btod_mult_common                       0x08001ae7   Thumb Code   580  btod.o(CL$$btod_mult_common)
    BH1750_RecvACK                           0x08001d2d   Thumb Code   110  bh1750.o(i.BH1750_RecvACK)
    BH1750_RecvByte                          0x08001da5   Thumb Code   132  bh1750.o(i.BH1750_RecvByte)
    BH1750_SendACK                           0x08001e2d   Thumb Code   104  bh1750.o(i.BH1750_SendACK)
    BH1750_SendByte                          0x08001e99   Thumb Code    94  bh1750.o(i.BH1750_SendByte)
    BH1750_iic_start                         0x08001f09   Thumb Code    72  bh1750.o(i.BH1750_iic_start)
    BH1750_iic_stop                          0x08001f55   Thumb Code    58  bh1750.o(i.BH1750_iic_stop)
    BusFault_Handler                         0x08001f95   Thumb Code     4  stm32f1xx_it.o(i.BusFault_Handler)
    DebugMon_Handler                         0x08001f99   Thumb Code     2  stm32f1xx_it.o(i.DebugMon_Handler)
    HAL_DMA_Abort_IT                         0x08001f9d   Thumb Code   414  stm32f1xx_hal_dma.o(i.HAL_DMA_Abort_IT)
    HAL_Delay                                0x08002145   Thumb Code    12  delay.o(i.HAL_Delay)
    HAL_GPIO_Init                            0x08002151   Thumb Code   792  stm32f1xx_hal_gpio.o(i.HAL_GPIO_Init)
    HAL_GPIO_ReadPin                         0x08002491   Thumb Code    16  stm32f1xx_hal_gpio.o(i.HAL_GPIO_ReadPin)
    HAL_GPIO_TogglePin                       0x080024a1   Thumb Code    20  stm32f1xx_hal_gpio.o(i.HAL_GPIO_TogglePin)
    HAL_GPIO_WritePin                        0x080024b5   Thumb Code    12  stm32f1xx_hal_gpio.o(i.HAL_GPIO_WritePin)
    HAL_GetTick                              0x080024c1   Thumb Code     6  stm32f1xx_hal.o(i.HAL_GetTick)
    HAL_Init                                 0x080024cd   Thumb Code    34  stm32f1xx_hal.o(i.HAL_Init)
    HAL_InitTick                             0x080024f5   Thumb Code    64  stm32f1xx_hal.o(i.HAL_InitTick)
    HAL_MspInit                              0x08002541   Thumb Code     2  stm32f1xx_hal.o(i.HAL_MspInit)
    HAL_NVIC_EnableIRQ                       0x08002543   Thumb Code    32  stm32f1xx_hal_cortex.o(i.HAL_NVIC_EnableIRQ)
    HAL_NVIC_SetPriority                     0x08002563   Thumb Code   124  stm32f1xx_hal_cortex.o(i.HAL_NVIC_SetPriority)
    HAL_NVIC_SetPriorityGrouping             0x080025e1   Thumb Code    32  stm32f1xx_hal_cortex.o(i.HAL_NVIC_SetPriorityGrouping)
    HAL_RCC_ClockConfig                      0x08002609   Thumb Code   376  stm32f1xx_hal_rcc.o(i.HAL_RCC_ClockConfig)
    HAL_RCC_GetHCLKFreq                      0x08002795   Thumb Code     6  stm32f1xx_hal_rcc.o(i.HAL_RCC_GetHCLKFreq)
    HAL_RCC_GetPCLK1Freq                     0x080027a1   Thumb Code    22  stm32f1xx_hal_rcc.o(i.HAL_RCC_GetPCLK1Freq)
    HAL_RCC_GetPCLK2Freq                     0x080027c1   Thumb Code    22  stm32f1xx_hal_rcc.o(i.HAL_RCC_GetPCLK2Freq)
    HAL_RCC_GetSysClockFreq                  0x080027e1   Thumb Code   116  stm32f1xx_hal_rcc.o(i.HAL_RCC_GetSysClockFreq)
    HAL_RCC_OscConfig                        0x08002875   Thumb Code  1114  stm32f1xx_hal_rcc.o(i.HAL_RCC_OscConfig)
    HAL_SYSTICK_CLKSourceConfig              0x08002cd9   Thumb Code    40  stm32f1xx_hal_cortex.o(i.HAL_SYSTICK_CLKSourceConfig)
    HAL_SYSTICK_Config                       0x08002d01   Thumb Code    52  stm32f1xx_hal_cortex.o(i.HAL_SYSTICK_Config)
    HAL_UART_ErrorCallback                   0x08002d35   Thumb Code     2  stm32f1xx_hal_uart.o(i.HAL_UART_ErrorCallback)
    HAL_UART_IRQHandler                      0x08002d39   Thumb Code   334  stm32f1xx_hal_uart.o(i.HAL_UART_IRQHandler)
    HAL_UART_Init                            0x08002e8d   Thumb Code   114  stm32f1xx_hal_uart.o(i.HAL_UART_Init)
    HAL_UART_MspInit                         0x08002f01   Thumb Code   356  usart.o(i.HAL_UART_MspInit)
    HAL_UART_Receive                         0x08003075   Thumb Code   216  stm32f1xx_hal_uart.o(i.HAL_UART_Receive)
    HAL_UART_Receive_IT                      0x0800314d   Thumb Code   112  stm32f1xx_hal_uart.o(i.HAL_UART_Receive_IT)
    HAL_UART_RxCpltCallback                  0x080031bd   Thumb Code   134  usart.o(i.HAL_UART_RxCpltCallback)
    HAL_UART_Transmit                        0x08003259   Thumb Code   210  stm32f1xx_hal_uart.o(i.HAL_UART_Transmit)
    HAL_UART_TxCpltCallback                  0x0800332b   Thumb Code     2  stm32f1xx_hal_uart.o(i.HAL_UART_TxCpltCallback)
    HardFault_Handler                        0x0800332d   Thumb Code     4  stm32f1xx_it.o(i.HardFault_Handler)
    Init_BH1750                              0x08003331   Thumb Code    76  bh1750.o(i.Init_BH1750)
    MemManage_Handler                        0x08003385   Thumb Code     4  stm32f1xx_it.o(i.MemManage_Handler)
    NMI_Handler                              0x08003389   Thumb Code     2  stm32f1xx_it.o(i.NMI_Handler)
    SVC_Handler                              0x080033b5   Thumb Code     2  stm32f1xx_it.o(i.SVC_Handler)
    Single_Write_BH1750                      0x080033b7   Thumb Code    26  bh1750.o(i.Single_Write_BH1750)
    SystemInit                               0x080033d1   Thumb Code     2  system_stm32f1xx.o(i.SystemInit)
    USART1_IRQHandler                        0x08003691   Thumb Code    26  usart.o(i.USART1_IRQHandler)
    USART2_IRQHandler                        0x080036b5   Thumb Code   252  atk_mw8266d_uart.o(i.USART2_IRQHandler)
    UsageFault_Handler                       0x080037b9   Thumb Code     4  stm32f1xx_it.o(i.UsageFault_Handler)
    __ARM_fpclassify                         0x080037bd   Thumb Code    40  fpclassify.o(i.__ARM_fpclassify)
    _is_digit                                0x0800381d   Thumb Code    14  __printf_wp.o(i._is_digit)
    _sys_exit                                0x0800382b   Thumb Code     4  usart.o(i._sys_exit)
    atk_mw8266d_at_test                      0x08003831   Thumb Code    38  atk_mw8266d.o(i.atk_mw8266d_at_test)
    atk_mw8266d_ate_config                   0x08003861   Thumb Code    60  atk_mw8266d.o(i.atk_mw8266d_ate_config)
    atk_mw8266d_connect_tcp_server           0x080038b1   Thumb Code    46  atk_mw8266d.o(i.atk_mw8266d_connect_tcp_server)
    atk_mw8266d_enter_unvarnished            0x08003905   Thumb Code    42  atk_mw8266d.o(i.atk_mw8266d_enter_unvarnished)
    atk_mw8266d_exit_unvarnished             0x08003955   Thumb Code    10  atk_mw8266d.o(i.atk_mw8266d_exit_unvarnished)
    atk_mw8266d_get_ip                       0x08003965   Thumb Code    70  atk_mw8266d.o(i.atk_mw8266d_get_ip)
    atk_mw8266d_hw_reset                     0x08003a0d   Thumb Code    46  atk_mw8266d.o(i.atk_mw8266d_hw_reset)
    atk_mw8266d_init                         0x08003a41   Thumb Code    32  atk_mw8266d.o(i.atk_mw8266d_init)
    atk_mw8266d_join_ap                      0x08003a61   Thumb Code    46  atk_mw8266d.o(i.atk_mw8266d_join_ap)
    atk_mw8266d_restore                      0x08003ab1   Thumb Code    26  atk_mw8266d.o(i.atk_mw8266d_restore)
    atk_mw8266d_send_at_cmd                  0x08003ae1   Thumb Code    78  atk_mw8266d.o(i.atk_mw8266d_send_at_cmd)
    atk_mw8266d_set_mode                     0x08003b39   Thumb Code    82  atk_mw8266d.o(i.atk_mw8266d_set_mode)
    atk_mw8266d_sw_reset                     0x08003bb5   Thumb Code    26  atk_mw8266d.o(i.atk_mw8266d_sw_reset)
    atk_mw8266d_uart_init                    0x08003bdd   Thumb Code    38  atk_mw8266d_uart.o(i.atk_mw8266d_uart_init)
    atk_mw8266d_uart_printf                  0x08003c0d   Thumb Code    50  atk_mw8266d_uart.o(i.atk_mw8266d_uart_printf)
    atk_mw8266d_uart_rx_get_frame            0x08003c49   Thumb Code    38  atk_mw8266d_uart.o(i.atk_mw8266d_uart_rx_get_frame)
    atk_mw8266d_uart_rx_restart              0x08003c75   Thumb Code    32  atk_mw8266d_uart.o(i.atk_mw8266d_uart_rx_restart)
    clrStruct                                0x08003c99   Thumb Code    72  usart.o(i.clrStruct)
    delay_init                               0x08003ce5   Thumb Code    34  delay.o(i.delay_init)
    delay_ms                                 0x08003d0d   Thumb Code    50  delay.o(i.delay_ms)
    delay_us                                 0x08003d45   Thumb Code    72  delay.o(i.delay_us)
    demo_run                                 0x08003e85   Thumb Code   350  demo.o(i.demo_run)
    dht11_check                              0x08004105   Thumb Code    82  dht11.o(i.dht11_check)
    dht11_init                               0x0800415d   Thumb Code    74  dht11.o(i.dht11_init)
    dht11_read_bit                           0x080041b1   Thumb Code    88  dht11.o(i.dht11_read_bit)
    dht11_read_data                          0x0800422b   Thumb Code    88  dht11.o(i.dht11_read_data)
    errorLog                                 0x080042b9   Thumb Code    14  usart.o(i.errorLog)
    fputc                                    0x080042d5   Thumb Code    24  usart.o(i.fputc)
    key_init                                 0x080042f1   Thumb Code   172  key.o(i.key_init)
    led_init                                 0x080043a9   Thumb Code   132  led.o(i.led_init)
    main                                     0x08004439   Thumb Code    48  main.o(i.main)
    mread                                    0x08004469   Thumb Code    64  bh1750.o(i.mread)
    parseGpsBuffer                           0x080044ad   Thumb Code   234  usart.o(i.parseGpsBuffer)
    read_BH1750                              0x080045b5   Thumb Code    68  bh1750.o(i.read_BH1750)
    select_transmode                         0x08004601   Thumb Code    34  demo.o(i.select_transmode)
    show_mesg                                0x08004625   Thumb Code    40  main.o(i.show_mesg)
    sys_stm32_clock_init                     0x08004685   Thumb Code    86  sys.o(i.sys_stm32_clock_init)
    uploadGpsBuffer                          0x080046dd   Thumb Code   148  usart.o(i.uploadGpsBuffer)
    usart_init                               0x08004805   Thumb Code    44  usart.o(i.usart_init)
    _get_lc_numeric                          0x0800483d   Thumb Code    44  lc_numeric_c.o(locale$$code)
    _get_lc_ctype                            0x08004869   Thumb Code    44  lc_ctype_c.o(locale$$code)
    __aeabi_d2f                              0x08004895   Thumb Code     0  d2f.o(x$fpl$d2f)
    _d2f                                     0x08004895   Thumb Code    98  d2f.o(x$fpl$d2f)
    __aeabi_ddiv                             0x080048f9   Thumb Code     0  ddiv.o(x$fpl$ddiv)
    _ddiv                                    0x080048f9   Thumb Code   552  ddiv.o(x$fpl$ddiv)
    __aeabi_i2d                              0x08004ba9   Thumb Code     0  dflt_clz.o(x$fpl$dflt)
    _dflt                                    0x08004ba9   Thumb Code    46  dflt_clz.o(x$fpl$dflt)
    __fpl_dnaninf                            0x08004bd7   Thumb Code   156  dnaninf.o(x$fpl$dnaninf)
    __fpl_dretinf                            0x08004c73   Thumb Code    12  dretinf.o(x$fpl$dretinf)
    __aeabi_f2d                              0x08004c81   Thumb Code     0  f2d.o(x$fpl$f2d)
    _f2d                                     0x08004c81   Thumb Code    86  f2d.o(x$fpl$f2d)
    __fpl_fnaninf                            0x08004cd7   Thumb Code   140  fnaninf.o(x$fpl$fnaninf)
    __fpl_fretinf                            0x08004d63   Thumb Code    10  fretinf.o(x$fpl$fretinf)
    _printf_fp_dec                           0x08004d6d   Thumb Code     4  printf1.o(x$fpl$printf1)
    _printf_fp_hex                           0x08004d71   Thumb Code     4  printf2.o(x$fpl$printf2)
    AHBPrescTable                            0x08004d74   Data          16  system_stm32f1xx.o(.constdata)
    __I$use$fp                               0x08004d74   Number         0  usenofp.o(x$fpl$usenofp)
    APBPrescTable                            0x08004d84   Data           8  system_stm32f1xx.o(.constdata)
    Region$$Table$$Base                      0x08004e8c   Number         0  anon$$obj.o(Region$$Table)
    Region$$Table$$Limit                     0x08004eac   Number         0  anon$$obj.o(Region$$Table)
    __ctype                                  0x08004ed5   Data           0  lc_ctype_c.o(locale$$data)
    SystemCoreClock                          0x20000000   Data           4  system_stm32f1xx.o(.data)
    __stdout                                 0x20000008   Data           4  usart.o(.data)
    point1                                   0x2000000c   Data           2  usart.o(.data)
    USART_RX_STA                             0x2000000e   Data           2  usart.o(.data)
    aRxBuffer                                0x20000010   Data           1  usart.o(.data)
    uwTick                                   0x20000014   Data           4  stm32f1xx_hal.o(.data)
    uwTickPrio                               0x20000018   Data           4  stm32f1xx_hal.o(.data)
    uwTickFreq                               0x2000001c   Data           1  stm32f1xx_hal.o(.data)
    BUF                                      0x20000020   Data           8  bh1750.o(.data)
    mcy                                      0x20000028   Data           4  bh1750.o(.data)
    Save_Data                                0x2000002c   Data         121  usart.o(.bss)
    USART_RX_BUF                             0x200000a5   Data         200  usart.o(.bss)
    g_uart1_handle                           0x20000170   Data          64  usart.o(.bss)
    __libspace_start                         0x200002b4   Data          96  libspace.o(.bss)
    __temporary_stack_top$libspace           0x20000314   Data           0  libspace.o(.bss)



==============================================================================

Memory Map of the image

  Image Entry point : 0x080000ed

  Load Region LR_IROM1 (Base: 0x08000000, Size: 0x00005004, Max: 0x00010000, ABSOLUTE)

    Execution Region ER_IROM1 (Base: 0x08000000, Size: 0x00004fd8, Max: 0x00010000, ABSOLUTE)

    Base Addr    Size         Type   Attr      Idx    E Section Name        Object

    0x08000000   0x000000ec   Data   RO            3    RESET               startup_stm32f10x_md.o
    0x080000ec   0x00000008   Code   RO         4086  * !!!main             c_w.l(__main.o)
    0x080000f4   0x00000034   Code   RO         4383    !!!scatter          c_w.l(__scatter.o)
    0x08000128   0x0000001a   Code   RO         4385    !!handler_copy      c_w.l(__scatter_copy.o)
    0x08000142   0x00000002   PAD
    0x08000144   0x0000001c   Code   RO         4387    !!handler_zi        c_w.l(__scatter_zi.o)
    0x08000160   0x00000000   Code   RO         4073    .ARM.Collect$$_printf_percent$$00000000  c_w.l(_printf_percent.o)
    0x08000160   0x00000006   Code   RO         4143    .ARM.Collect$$_printf_percent$$00000001  c_w.l(_printf_n.o)
    0x08000166   0x00000006   Code   RO         4144    .ARM.Collect$$_printf_percent$$00000002  c_w.l(_printf_p.o)
    0x0800016c   0x00000006   Code   RO         4072    .ARM.Collect$$_printf_percent$$00000003  c_w.l(_printf_f.o)
    0x08000172   0x00000006   Code   RO         4148    .ARM.Collect$$_printf_percent$$00000004  c_w.l(_printf_e.o)
    0x08000178   0x00000006   Code   RO         4149    .ARM.Collect$$_printf_percent$$00000005  c_w.l(_printf_g.o)
    0x0800017e   0x00000006   Code   RO         4150    .ARM.Collect$$_printf_percent$$00000006  c_w.l(_printf_a.o)
    0x08000184   0x0000000a   Code   RO         4155    .ARM.Collect$$_printf_percent$$00000007  c_w.l(_printf_ll.o)
    0x0800018e   0x00000006   Code   RO         4146    .ARM.Collect$$_printf_percent$$00000008  c_w.l(_printf_i.o)
    0x08000194   0x00000006   Code   RO         4071    .ARM.Collect$$_printf_percent$$00000009  c_w.l(_printf_d.o)
    0x0800019a   0x00000006   Code   RO         4147    .ARM.Collect$$_printf_percent$$0000000A  c_w.l(_printf_u.o)
    0x080001a0   0x00000006   Code   RO         4145    .ARM.Collect$$_printf_percent$$0000000B  c_w.l(_printf_o.o)
    0x080001a6   0x00000006   Code   RO         4070    .ARM.Collect$$_printf_percent$$0000000C  c_w.l(_printf_x.o)
    0x080001ac   0x00000006   Code   RO         4152    .ARM.Collect$$_printf_percent$$0000000D  c_w.l(_printf_lli.o)
    0x080001b2   0x00000006   Code   RO         4153    .ARM.Collect$$_printf_percent$$0000000E  c_w.l(_printf_lld.o)
    0x080001b8   0x00000006   Code   RO         4154    .ARM.Collect$$_printf_percent$$0000000F  c_w.l(_printf_llu.o)
    0x080001be   0x00000006   Code   RO         4159    .ARM.Collect$$_printf_percent$$00000010  c_w.l(_printf_llo.o)
    0x080001c4   0x00000006   Code   RO         4160    .ARM.Collect$$_printf_percent$$00000011  c_w.l(_printf_llx.o)
    0x080001ca   0x0000000a   Code   RO         4156    .ARM.Collect$$_printf_percent$$00000012  c_w.l(_printf_l.o)
    0x080001d4   0x00000006   Code   RO         4142    .ARM.Collect$$_printf_percent$$00000013  c_w.l(_printf_c.o)
    0x080001da   0x00000006   Code   RO         4069    .ARM.Collect$$_printf_percent$$00000014  c_w.l(_printf_s.o)
    0x080001e0   0x00000006   Code   RO         4157    .ARM.Collect$$_printf_percent$$00000015  c_w.l(_printf_lc.o)
    0x080001e6   0x00000006   Code   RO         4158    .ARM.Collect$$_printf_percent$$00000016  c_w.l(_printf_ls.o)
    0x080001ec   0x00000004   Code   RO         4151    .ARM.Collect$$_printf_percent$$00000017  c_w.l(_printf_percent_end.o)
    0x080001f0   0x00000002   Code   RO         4263    .ARM.Collect$$libinit$$00000000  c_w.l(libinit.o)
    0x080001f2   0x00000000   Code   RO         4265    .ARM.Collect$$libinit$$00000002  c_w.l(libinit2.o)
    0x080001f2   0x00000000   Code   RO         4267    .ARM.Collect$$libinit$$00000004  c_w.l(libinit2.o)
    0x080001f2   0x00000000   Code   RO         4270    .ARM.Collect$$libinit$$0000000A  c_w.l(libinit2.o)
    0x080001f2   0x00000000   Code   RO         4272    .ARM.Collect$$libinit$$0000000C  c_w.l(libinit2.o)
    0x080001f2   0x00000000   Code   RO         4274    .ARM.Collect$$libinit$$0000000E  c_w.l(libinit2.o)
    0x080001f2   0x00000006   Code   RO         4275    .ARM.Collect$$libinit$$0000000F  c_w.l(libinit2.o)
    0x080001f8   0x00000000   Code   RO         4277    .ARM.Collect$$libinit$$00000011  c_w.l(libinit2.o)
    0x080001f8   0x0000000c   Code   RO         4278    .ARM.Collect$$libinit$$00000012  c_w.l(libinit2.o)
    0x08000204   0x00000000   Code   RO         4279    .ARM.Collect$$libinit$$00000013  c_w.l(libinit2.o)
    0x08000204   0x00000000   Code   RO         4281    .ARM.Collect$$libinit$$00000015  c_w.l(libinit2.o)
    0x08000204   0x0000000a   Code   RO         4282    .ARM.Collect$$libinit$$00000016  c_w.l(libinit2.o)
    0x0800020e   0x00000000   Code   RO         4283    .ARM.Collect$$libinit$$00000017  c_w.l(libinit2.o)
    0x0800020e   0x00000000   Code   RO         4285    .ARM.Collect$$libinit$$00000019  c_w.l(libinit2.o)
    0x0800020e   0x00000000   Code   RO         4287    .ARM.Collect$$libinit$$0000001B  c_w.l(libinit2.o)
    0x0800020e   0x00000000   Code   RO         4289    .ARM.Collect$$libinit$$0000001D  c_w.l(libinit2.o)
    0x0800020e   0x00000000   Code   RO         4291    .ARM.Collect$$libinit$$0000001F  c_w.l(libinit2.o)
    0x0800020e   0x00000000   Code   RO         4293    .ARM.Collect$$libinit$$00000021  c_w.l(libinit2.o)
    0x0800020e   0x00000000   Code   RO         4295    .ARM.Collect$$libinit$$00000023  c_w.l(libinit2.o)
    0x0800020e   0x00000000   Code   RO         4297    .ARM.Collect$$libinit$$00000025  c_w.l(libinit2.o)
    0x0800020e   0x00000000   Code   RO         4301    .ARM.Collect$$libinit$$0000002C  c_w.l(libinit2.o)
    0x0800020e   0x00000000   Code   RO         4303    .ARM.Collect$$libinit$$0000002E  c_w.l(libinit2.o)
    0x0800020e   0x00000000   Code   RO         4305    .ARM.Collect$$libinit$$00000030  c_w.l(libinit2.o)
    0x0800020e   0x00000000   Code   RO         4307    .ARM.Collect$$libinit$$00000032  c_w.l(libinit2.o)
    0x0800020e   0x00000002   Code   RO         4308    .ARM.Collect$$libinit$$00000033  c_w.l(libinit2.o)
    0x08000210   0x00000002   Code   RO         4337    .ARM.Collect$$libshutdown$$00000000  c_w.l(libshutdown.o)
    0x08000212   0x00000000   Code   RO         4346    .ARM.Collect$$libshutdown$$00000003  c_w.l(libshutdown2.o)
    0x08000212   0x00000000   Code   RO         4349    .ARM.Collect$$libshutdown$$00000006  c_w.l(libshutdown2.o)
    0x08000212   0x00000000   Code   RO         4352    .ARM.Collect$$libshutdown$$00000009  c_w.l(libshutdown2.o)
    0x08000212   0x00000000   Code   RO         4354    .ARM.Collect$$libshutdown$$0000000B  c_w.l(libshutdown2.o)
    0x08000212   0x00000000   Code   RO         4357    .ARM.Collect$$libshutdown$$0000000E  c_w.l(libshutdown2.o)
    0x08000212   0x00000002   Code   RO         4358    .ARM.Collect$$libshutdown$$0000000F  c_w.l(libshutdown2.o)
    0x08000214   0x00000000   Code   RO         4112    .ARM.Collect$$rtentry$$00000000  c_w.l(__rtentry.o)
    0x08000214   0x00000000   Code   RO         4179    .ARM.Collect$$rtentry$$00000002  c_w.l(__rtentry2.o)
    0x08000214   0x00000006   Code   RO         4191    .ARM.Collect$$rtentry$$00000004  c_w.l(__rtentry4.o)
    0x0800021a   0x00000000   Code   RO         4181    .ARM.Collect$$rtentry$$00000009  c_w.l(__rtentry2.o)
    0x0800021a   0x00000004   Code   RO         4182    .ARM.Collect$$rtentry$$0000000A  c_w.l(__rtentry2.o)
    0x0800021e   0x00000000   Code   RO         4184    .ARM.Collect$$rtentry$$0000000C  c_w.l(__rtentry2.o)
    0x0800021e   0x00000008   Code   RO         4185    .ARM.Collect$$rtentry$$0000000D  c_w.l(__rtentry2.o)
    0x08000226   0x00000002   Code   RO         4309    .ARM.Collect$$rtexit$$00000000  c_w.l(rtexit.o)
    0x08000228   0x00000000   Code   RO         4319    .ARM.Collect$$rtexit$$00000002  c_w.l(rtexit2.o)
    0x08000228   0x00000004   Code   RO         4320    .ARM.Collect$$rtexit$$00000003  c_w.l(rtexit2.o)
    0x0800022c   0x00000006   Code   RO         4321    .ARM.Collect$$rtexit$$00000004  c_w.l(rtexit2.o)
    0x08000232   0x00000002   PAD
    0x08000234   0x00000040   Code   RO            4    .text               startup_stm32f10x_md.o
    0x08000274   0x00000002   Code   RO         4008    .text               c_w.l(use_no_semi_2.o)
    0x08000276   0x00000002   PAD
    0x08000278   0x00000018   Code   RO         4010    .text               c_w.l(printf.o)
    0x08000290   0x00000024   Code   RO         4012    .text               c_w.l(vsprintf.o)
    0x080002b4   0x00000018   Code   RO         4014    .text               c_w.l(__2printf.o)
    0x080002cc   0x0000002c   Code   RO         4016    .text               c_w.l(__2sprintf.o)
    0x080002f8   0x00000052   Code   RO         4024    .text               c_w.l(_printf_str.o)
    0x0800034a   0x00000002   PAD
    0x0800034c   0x00000078   Code   RO         4026    .text               c_w.l(_printf_dec.o)
    0x080003c4   0x00000094   Code   RO         4046    .text               c_w.l(_printf_hex_int_ll_ptr.o)
    0x08000458   0x00000188   Code   RO         4066    .text               c_w.l(__printf_flags_ss_wp.o)
    0x080005e0   0x00000024   Code   RO         4074    .text               c_w.l(strstr.o)
    0x08000604   0x0000003e   Code   RO         4076    .text               c_w.l(strlen.o)
    0x08000642   0x0000008a   Code   RO         4078    .text               c_w.l(rt_memcpy_v6.o)
    0x080006cc   0x00000044   Code   RO         4080    .text               c_w.l(rt_memclr.o)
    0x08000710   0x0000004e   Code   RO         4082    .text               c_w.l(rt_memclr_w.o)
    0x0800075e   0x00000006   Code   RO         4084    .text               c_w.l(heapauxi.o)
    0x08000764   0x00000002   Code   RO         4110    .text               c_w.l(use_no_semi.o)
    0x08000766   0x0000004e   Code   RO         4113    .text               c_w.l(_printf_pad.o)
    0x080007b4   0x00000024   Code   RO         4115    .text               c_w.l(_printf_truncate.o)
    0x080007d8   0x000000b2   Code   RO         4117    .text               c_w.l(_printf_intcommon.o)
    0x0800088a   0x00000028   Code   RO         4119    .text               c_w.l(_printf_charcount.o)
    0x080008b2   0x0000041a   Code   RO         4121    .text               c_w.l(_printf_fp_dec.o)
    0x08000ccc   0x00000030   Code   RO         4123    .text               c_w.l(_printf_char_common.o)
    0x08000cfc   0x0000000a   Code   RO         4125    .text               c_w.l(_sputc.o)
    0x08000d06   0x0000002c   Code   RO         4127    .text               c_w.l(_printf_char.o)
    0x08000d32   0x00000002   PAD
    0x08000d34   0x00000024   Code   RO         4129    .text               c_w.l(_printf_char_file.o)
    0x08000d58   0x000000bc   Code   RO         4131    .text               c_w.l(_printf_wctomb.o)
    0x08000e14   0x0000007c   Code   RO         4134    .text               c_w.l(_printf_longlong_dec.o)
    0x08000e90   0x00000070   Code   RO         4140    .text               c_w.l(_printf_oct_int_ll.o)
    0x08000f00   0x00000064   Code   RO         4161    .text               c_w.l(rt_memcpy_w.o)
    0x08000f64   0x00000008   Code   RO         4196    .text               c_w.l(rt_locale_intlibspace.o)
    0x08000f6c   0x0000008a   Code   RO         4198    .text               c_w.l(lludiv10.o)
    0x08000ff6   0x00000002   PAD
    0x08000ff8   0x000002fc   Code   RO         4200    .text               c_w.l(_printf_fp_hex.o)
    0x080012f4   0x00000080   Code   RO         4203    .text               c_w.l(_printf_fp_infnan.o)
    0x08001374   0x0000002c   Code   RO         4207    .text               c_w.l(_printf_wchar.o)
    0x080013a0   0x000000dc   Code   RO         4209    .text               c_w.l(bigflt0.o)
    0x0800147c   0x00000008   Code   RO         4234    .text               c_w.l(ferror.o)
    0x08001484   0x00000040   Code   RO         4238    .text               c_w.l(_wcrtomb.o)
    0x080014c4   0x00000008   Code   RO         4247    .text               c_w.l(libspace.o)
    0x080014cc   0x0000004a   Code   RO         4250    .text               c_w.l(sys_stackheap_outer.o)
    0x08001516   0x00000002   PAD
    0x08001518   0x00000010   Code   RO         4252    .text               c_w.l(rt_ctype_table.o)
    0x08001528   0x0000000c   Code   RO         4254    .text               c_w.l(exit.o)
    0x08001534   0x00000080   Code   RO         4256    .text               c_w.l(strcmpv7m.o)
    0x080015b4   0x0000003e   Code   RO         4212    CL$$btod_d2e        c_w.l(btod.o)
    0x080015f2   0x00000046   Code   RO         4214    CL$$btod_d2e_denorm_low  c_w.l(btod.o)
    0x08001638   0x00000060   Code   RO         4213    CL$$btod_d2e_norm_op1  c_w.l(btod.o)
    0x08001698   0x00000338   Code   RO         4222    CL$$btod_div_common  c_w.l(btod.o)
    0x080019d0   0x000000c6   Code   RO         4219    CL$$btod_e2e        c_w.l(btod.o)
    0x08001a96   0x00000028   Code   RO         4216    CL$$btod_ediv       c_w.l(btod.o)
    0x08001abe   0x00000028   Code   RO         4215    CL$$btod_emul       c_w.l(btod.o)
    0x08001ae6   0x00000244   Code   RO         4221    CL$$btod_mult_common  c_w.l(btod.o)
    0x08001d2a   0x00000002   PAD
    0x08001d2c   0x00000078   Code   RO         3743    i.BH1750_RecvACK    bh1750.o
    0x08001da4   0x00000088   Code   RO         3744    i.BH1750_RecvByte   bh1750.o
    0x08001e2c   0x0000006c   Code   RO         3745    i.BH1750_SendACK    bh1750.o
    0x08001e98   0x00000064   Code   RO         3746    i.BH1750_SendByte   bh1750.o
    0x08001efc   0x0000000a   Code   RO         3747    i.BH1750_iic_delay  bh1750.o
    0x08001f06   0x00000002   PAD
    0x08001f08   0x0000004c   Code   RO         3748    i.BH1750_iic_start  bh1750.o
    0x08001f54   0x00000040   Code   RO         3749    i.BH1750_iic_stop   bh1750.o
    0x08001f94   0x00000004   Code   RO          278    i.BusFault_Handler  stm32f1xx_it.o
    0x08001f98   0x00000002   Code   RO          279    i.DebugMon_Handler  stm32f1xx_it.o
    0x08001f9a   0x00000002   PAD
    0x08001f9c   0x000001a8   Code   RO         1070    i.HAL_DMA_Abort_IT  stm32f1xx_hal_dma.o
    0x08002144   0x0000000c   Code   RO          539    i.HAL_Delay         delay.o
    0x08002150   0x00000340   Code   RO         1166    i.HAL_GPIO_Init     stm32f1xx_hal_gpio.o
    0x08002490   0x00000010   Code   RO         1168    i.HAL_GPIO_ReadPin  stm32f1xx_hal_gpio.o
    0x080024a0   0x00000014   Code   RO         1169    i.HAL_GPIO_TogglePin  stm32f1xx_hal_gpio.o
    0x080024b4   0x0000000c   Code   RO         1170    i.HAL_GPIO_WritePin  stm32f1xx_hal_gpio.o
    0x080024c0   0x0000000c   Code   RO          783    i.HAL_GetTick       stm32f1xx_hal.o
    0x080024cc   0x00000028   Code   RO          790    i.HAL_Init          stm32f1xx_hal.o
    0x080024f4   0x0000004c   Code   RO          791    i.HAL_InitTick      stm32f1xx_hal.o
    0x08002540   0x00000002   Code   RO          793    i.HAL_MspInit       stm32f1xx_hal.o
    0x08002542   0x00000020   Code   RO          948    i.HAL_NVIC_EnableIRQ  stm32f1xx_hal_cortex.o
    0x08002562   0x0000007c   Code   RO          954    i.HAL_NVIC_SetPriority  stm32f1xx_hal_cortex.o
    0x080025de   0x00000002   PAD
    0x080025e0   0x00000028   Code   RO          955    i.HAL_NVIC_SetPriorityGrouping  stm32f1xx_hal_cortex.o
    0x08002608   0x0000018c   Code   RO         1391    i.HAL_RCC_ClockConfig  stm32f1xx_hal_rcc.o
    0x08002794   0x0000000c   Code   RO         1396    i.HAL_RCC_GetHCLKFreq  stm32f1xx_hal_rcc.o
    0x080027a0   0x00000020   Code   RO         1398    i.HAL_RCC_GetPCLK1Freq  stm32f1xx_hal_rcc.o
    0x080027c0   0x00000020   Code   RO         1399    i.HAL_RCC_GetPCLK2Freq  stm32f1xx_hal_rcc.o
    0x080027e0   0x00000094   Code   RO         1400    i.HAL_RCC_GetSysClockFreq  stm32f1xx_hal_rcc.o
    0x08002874   0x00000464   Code   RO         1403    i.HAL_RCC_OscConfig  stm32f1xx_hal_rcc.o
    0x08002cd8   0x00000028   Code   RO          957    i.HAL_SYSTICK_CLKSourceConfig  stm32f1xx_hal_cortex.o
    0x08002d00   0x00000034   Code   RO          959    i.HAL_SYSTICK_Config  stm32f1xx_hal_cortex.o
    0x08002d34   0x00000002   Code   RO         1554    i.HAL_UART_ErrorCallback  stm32f1xx_hal_uart.o
    0x08002d36   0x00000002   PAD
    0x08002d38   0x00000154   Code   RO         1557    i.HAL_UART_IRQHandler  stm32f1xx_hal_uart.o
    0x08002e8c   0x00000072   Code   RO         1558    i.HAL_UART_Init     stm32f1xx_hal_uart.o
    0x08002efe   0x00000002   PAD
    0x08002f00   0x00000174   Code   RO          657    i.HAL_UART_MspInit  usart.o
    0x08003074   0x000000d8   Code   RO         1561    i.HAL_UART_Receive  stm32f1xx_hal_uart.o
    0x0800314c   0x00000070   Code   RO         1563    i.HAL_UART_Receive_IT  stm32f1xx_hal_uart.o
    0x080031bc   0x0000009c   Code   RO          658    i.HAL_UART_RxCpltCallback  usart.o
    0x08003258   0x000000d2   Code   RO         1566    i.HAL_UART_Transmit  stm32f1xx_hal_uart.o
    0x0800332a   0x00000002   Code   RO         1569    i.HAL_UART_TxCpltCallback  stm32f1xx_hal_uart.o
    0x0800332c   0x00000004   Code   RO          280    i.HardFault_Handler  stm32f1xx_it.o
    0x08003330   0x00000054   Code   RO         3750    i.Init_BH1750       bh1750.o
    0x08003384   0x00000004   Code   RO          281    i.MemManage_Handler  stm32f1xx_it.o
    0x08003388   0x00000002   Code   RO          282    i.NMI_Handler       stm32f1xx_it.o
    0x0800338a   0x00000002   PAD
    0x0800338c   0x00000028   Code   RO         1404    i.RCC_Delay         stm32f1xx_hal_rcc.o
    0x080033b4   0x00000002   Code   RO          283    i.SVC_Handler       stm32f1xx_it.o
    0x080033b6   0x0000001a   Code   RO         3751    i.Single_Write_BH1750  bh1750.o
    0x080033d0   0x00000002   Code   RO          242    i.SystemInit        system_stm32f1xx.o
    0x080033d2   0x00000014   Code   RO         1571    i.UART_DMAAbortOnError  stm32f1xx_hal_uart.o
    0x080033e6   0x00000020   Code   RO         1581    i.UART_EndRxTransfer  stm32f1xx_hal_uart.o
    0x08003406   0x00000020   Code   RO         1582    i.UART_EndTransmit_IT  stm32f1xx_hal_uart.o
    0x08003426   0x000000a0   Code   RO         1584    i.UART_Receive_IT   stm32f1xx_hal_uart.o
    0x080034c6   0x00000002   PAD
    0x080034c8   0x000000fc   Code   RO         1585    i.UART_SetConfig    stm32f1xx_hal_uart.o
    0x080035c4   0x00000060   Code   RO         1586    i.UART_Transmit_IT  stm32f1xx_hal_uart.o
    0x08003624   0x0000006c   Code   RO         1587    i.UART_WaitOnFlagUntilTimeout  stm32f1xx_hal_uart.o
    0x08003690   0x00000024   Code   RO          660    i.USART1_IRQHandler  usart.o
    0x080036b4   0x00000104   Code   RO         3946    i.USART2_IRQHandler  atk_mw8266d_uart.o
    0x080037b8   0x00000004   Code   RO          284    i.UsageFault_Handler  stm32f1xx_it.o
    0x080037bc   0x00000028   Code   RO         4245    i.__ARM_fpclassify  m_ws.l(fpclassify.o)
    0x080037e4   0x00000010   Code   RO          961    i.__NVIC_GetPriorityGrouping  stm32f1xx_hal_cortex.o
    0x080037f4   0x00000028   Code   RO          962    i.__NVIC_SetPriority  stm32f1xx_hal_cortex.o
    0x0800381c   0x0000000e   Code   RO         4059    i._is_digit         c_w.l(__printf_wp.o)
    0x0800382a   0x00000004   Code   RO          662    i._sys_exit         usart.o
    0x0800382e   0x00000002   PAD
    0x08003830   0x00000030   Code   RO         3833    i.atk_mw8266d_at_test  atk_mw8266d.o
    0x08003860   0x00000050   Code   RO         3834    i.atk_mw8266d_ate_config  atk_mw8266d.o
    0x080038b0   0x00000054   Code   RO         3836    i.atk_mw8266d_connect_tcp_server  atk_mw8266d.o
    0x08003904   0x00000050   Code   RO         3838    i.atk_mw8266d_enter_unvarnished  atk_mw8266d.o
    0x08003954   0x00000010   Code   RO         3839    i.atk_mw8266d_exit_unvarnished  atk_mw8266d.o
    0x08003964   0x00000060   Code   RO         3840    i.atk_mw8266d_get_ip  atk_mw8266d.o
    0x080039c4   0x00000048   Code   RO         3841    i.atk_mw8266d_hw_init  atk_mw8266d.o
    0x08003a0c   0x00000034   Code   RO         3842    i.atk_mw8266d_hw_reset  atk_mw8266d.o
    0x08003a40   0x00000020   Code   RO         3843    i.atk_mw8266d_init  atk_mw8266d.o
    0x08003a60   0x00000050   Code   RO         3844    i.atk_mw8266d_join_ap  atk_mw8266d.o
    0x08003ab0   0x00000030   Code   RO         3845    i.atk_mw8266d_restore  atk_mw8266d.o
    0x08003ae0   0x00000058   Code   RO         3846    i.atk_mw8266d_send_at_cmd  atk_mw8266d.o
    0x08003b38   0x0000007c   Code   RO         3847    i.atk_mw8266d_set_mode  atk_mw8266d.o
    0x08003bb4   0x00000028   Code   RO         3848    i.atk_mw8266d_sw_reset  atk_mw8266d.o
    0x08003bdc   0x00000030   Code   RO         3947    i.atk_mw8266d_uart_init  atk_mw8266d_uart.o
    0x08003c0c   0x0000003c   Code   RO         3948    i.atk_mw8266d_uart_printf  atk_mw8266d_uart.o
    0x08003c48   0x0000002c   Code   RO         3949    i.atk_mw8266d_uart_rx_get_frame  atk_mw8266d_uart.o
    0x08003c74   0x00000024   Code   RO         3951    i.atk_mw8266d_uart_rx_restart  atk_mw8266d_uart.o
    0x08003c98   0x0000004c   Code   RO          664    i.clrStruct         usart.o
    0x08003ce4   0x00000028   Code   RO          540    i.delay_init        delay.o
    0x08003d0c   0x00000038   Code   RO          541    i.delay_ms          delay.o
    0x08003d44   0x0000004c   Code   RO          542    i.delay_us          delay.o
    0x08003d90   0x00000078   Code   RO          469    i.demo_key0_fun     demo.o
    0x08003e08   0x0000007c   Code   RO          470    i.demo_key1_fun     demo.o
    0x08003e84   0x00000240   Code   RO          471    i.demo_run          demo.o
    0x080040c4   0x0000001c   Code   RO          472    i.demo_show_ip      demo.o
    0x080040e0   0x00000024   Code   RO          473    i.demo_upload_data  demo.o
    0x08004104   0x00000058   Code   RO         3691    i.dht11_check       dht11.o
    0x0800415c   0x00000054   Code   RO         3692    i.dht11_init        dht11.o
    0x080041b0   0x0000005c   Code   RO         3693    i.dht11_read_bit    dht11.o
    0x0800420c   0x0000001e   Code   RO         3694    i.dht11_read_byte   dht11.o
    0x0800422a   0x00000058   Code   RO         3695    i.dht11_read_data   dht11.o
    0x08004282   0x00000002   PAD
    0x08004284   0x00000034   Code   RO         3696    i.dht11_reset       dht11.o
    0x080042b8   0x0000001c   Code   RO          665    i.errorLog          usart.o
    0x080042d4   0x0000001c   Code   RO          666    i.fputc             usart.o
    0x080042f0   0x000000b8   Code   RO         3399    i.key_init          key.o
    0x080043a8   0x00000090   Code   RO         3375    i.led_init          led.o
    0x08004438   0x00000030   Code   RO           13    i.main              main.o
    0x08004468   0x00000044   Code   RO         3752    i.mread             bh1750.o
    0x080044ac   0x00000108   Code   RO          667    i.parseGpsBuffer    usart.o
    0x080045b4   0x0000004c   Code   RO         3753    i.read_BH1750       bh1750.o
    0x08004600   0x00000022   Code   RO          474    i.select_transmode  demo.o
    0x08004622   0x00000002   PAD
    0x08004624   0x00000060   Code   RO           14    i.show_mesg         main.o
    0x08004684   0x00000056   Code   RO          589    i.sys_stm32_clock_init  sys.o
    0x080046da   0x00000002   PAD
    0x080046dc   0x00000128   Code   RO          668    i.uploadGpsBuffer   usart.o
    0x08004804   0x00000038   Code   RO          669    i.usart_init        usart.o
    0x0800483c   0x0000002c   Code   RO         4241    locale$$code        c_w.l(lc_numeric_c.o)
    0x08004868   0x0000002c   Code   RO         4312    locale$$code        c_w.l(lc_ctype_c.o)
    0x08004894   0x00000062   Code   RO         4088    x$fpl$d2f           fz_ws.l(d2f.o)
    0x080048f6   0x00000002   PAD
    0x080048f8   0x000002b0   Code   RO         4091    x$fpl$ddiv          fz_ws.l(ddiv.o)
    0x08004ba8   0x0000002e   Code   RO         4099    x$fpl$dflt          fz_ws.l(dflt_clz.o)
    0x08004bd6   0x0000009c   Code   RO         4163    x$fpl$dnaninf       fz_ws.l(dnaninf.o)
    0x08004c72   0x0000000c   Code   RO         4165    x$fpl$dretinf       fz_ws.l(dretinf.o)
    0x08004c7e   0x00000002   PAD
    0x08004c80   0x00000056   Code   RO         4106    x$fpl$f2d           fz_ws.l(f2d.o)
    0x08004cd6   0x0000008c   Code   RO         4167    x$fpl$fnaninf       fz_ws.l(fnaninf.o)
    0x08004d62   0x0000000a   Code   RO         4169    x$fpl$fretinf       fz_ws.l(fretinf.o)
    0x08004d6c   0x00000004   Code   RO         4108    x$fpl$printf1       fz_ws.l(printf1.o)
    0x08004d70   0x00000004   Code   RO         4171    x$fpl$printf2       fz_ws.l(printf2.o)
    0x08004d74   0x00000000   Code   RO         4177    x$fpl$usenofp       fz_ws.l(usenofp.o)
    0x08004d74   0x00000018   Data   RO          243    .constdata          system_stm32f1xx.o
    0x08004d8c   0x00000028   Data   RO         4047    .constdata          c_w.l(_printf_hex_int_ll_ptr.o)
    0x08004db4   0x00000011   Data   RO         4067    .constdata          c_w.l(__printf_flags_ss_wp.o)
    0x08004dc5   0x00000003   PAD
    0x08004dc8   0x00000008   Data   RO         4132    .constdata          c_w.l(_printf_wctomb.o)
    0x08004dd0   0x00000026   Data   RO         4201    .constdata          c_w.l(_printf_fp_hex.o)
    0x08004df6   0x00000002   PAD
    0x08004df8   0x00000094   Data   RO         4210    .constdata          c_w.l(bigflt0.o)
    0x08004e8c   0x00000020   Data   RO         4381    Region$$Table       anon$$obj.o
    0x08004eac   0x0000001c   Data   RO         4240    locale$$data        c_w.l(lc_numeric_c.o)
    0x08004ec8   0x00000110   Data   RO         4311    locale$$data        c_w.l(lc_ctype_c.o)


    Execution Region RW_IRAM1 (Base: 0x20000000, Size: 0x00000918, Max: 0x00005000, ABSOLUTE)

    Base Addr    Size         Type   Attr      Idx    E Section Name        Object

    0x20000000   0x00000004   Data   RW          244    .data               system_stm32f1xx.o
    0x20000004   0x00000002   Data   RW          543    .data               delay.o
    0x20000006   0x00000002   PAD
    0x20000008   0x00000009   Data   RW          671    .data               usart.o
    0x20000011   0x00000003   PAD
    0x20000014   0x00000009   Data   RW          797    .data               stm32f1xx_hal.o
    0x2000001d   0x00000003   PAD
    0x20000020   0x0000000c   Data   RW         3754    .data               bh1750.o
    0x2000002c   0x00000184   Zero   RW          670    .bss                usart.o
    0x200001b0   0x00000102   Zero   RW         3952    .bss                atk_mw8266d_uart.o
    0x200002b2   0x00000002   PAD
    0x200002b4   0x00000060   Zero   RW         4248    .bss                c_w.l(libspace.o)
    0x20000314   0x00000004   PAD
    0x20000318   0x00000200   Zero   RW            2    HEAP                startup_stm32f10x_md.o
    0x20000518   0x00000400   Zero   RW            1    STACK               startup_stm32f10x_md.o


==============================================================================

Image component sizes


      Code (inc. data)   RO Data    RW Data    ZI Data      Debug   Object Name

       940        276          0          0          0       9378   atk_mw8266d.o
       448         38          0          0        258       4296   atk_mw8266d_uart.o
       868         54          0         12          0       6823   bh1750.o
       184         16          0          2          0       2355   delay.o
       918        400          0          0          0       4058   demo.o
       434         26          0          0          0       3818   dht11.o
       184         12          0          0          0        995   key.o
       144         12          0          0          0        903   led.o
       144         56          0          0          0     453063   main.o
        64         26        236          0       1536        836   startup_stm32f10x_md.o
       130         24          0          9          0       5893   stm32f1xx_hal.o
       344         22          0          0          0      29973   stm32f1xx_hal_cortex.o
       424         10          0          0          0       1227   stm32f1xx_hal_dma.o
       880         40          0          0          0       3948   stm32f1xx_hal_gpio.o
      1784        110          0          0          0       6016   stm32f1xx_hal_rcc.o
      1696         10          0          0          0      10470   stm32f1xx_hal_uart.o
        22          0          0          0          0       2999   stm32f1xx_it.o
        86          0          0          0          0        703   sys.o
         2          0         24          4          0       1339   system_stm32f1xx.o
      1316        268          0          9        388       9286   usart.o

    ----------------------------------------------------------------------
     11034       1400        292         44       2184     558379   Object Totals
         0          0         32          0          0          0   (incl. Generated)
        22          0          0          8          2          0   (incl. Padding)

    ----------------------------------------------------------------------

      Code (inc. data)   RO Data    RW Data    ZI Data      Debug   Library Member Name

        24          4          0          0          0         84   __2printf.o
        44          6          0          0          0         84   __2sprintf.o
         8          0          0          0          0         68   __main.o
       392          4         17          0          0         92   __printf_flags_ss_wp.o
        14          0          0          0          0         68   __printf_wp.o
         0          0          0          0          0          0   __rtentry.o
        12          0          0          0          0          0   __rtentry2.o
         6          0          0          0          0          0   __rtentry4.o
        52          8          0          0          0          0   __scatter.o
        26          0          0          0          0          0   __scatter_copy.o
        28          0          0          0          0          0   __scatter_zi.o
         6          0          0          0          0          0   _printf_a.o
         6          0          0          0          0          0   _printf_c.o
        44          0          0          0          0        108   _printf_char.o
        48          6          0          0          0         96   _printf_char_common.o
        36          4          0          0          0         80   _printf_char_file.o
        40          0          0          0          0         68   _printf_charcount.o
         6          0          0          0          0          0   _printf_d.o
       120         16          0          0          0         92   _printf_dec.o
         6          0          0          0          0          0   _printf_e.o
         6          0          0          0          0          0   _printf_f.o
      1050          0          0          0          0        216   _printf_fp_dec.o
       764         10         38          0          0        100   _printf_fp_hex.o
       128         16          0          0          0         84   _printf_fp_infnan.o
         6          0          0          0          0          0   _printf_g.o
       148          4         40          0          0        160   _printf_hex_int_ll_ptr.o
         6          0          0          0          0          0   _printf_i.o
       178          0          0          0          0         88   _printf_intcommon.o
        10          0          0          0          0          0   _printf_l.o
         6          0          0          0          0          0   _printf_lc.o
        10          0          0          0          0          0   _printf_ll.o
         6          0          0          0          0          0   _printf_lld.o
         6          0          0          0          0          0   _printf_lli.o
         6          0          0          0          0          0   _printf_llo.o
         6          0          0          0          0          0   _printf_llu.o
         6          0          0          0          0          0   _printf_llx.o
       124         16          0          0          0         92   _printf_longlong_dec.o
         6          0          0          0          0          0   _printf_ls.o
         6          0          0          0          0          0   _printf_n.o
         6          0          0          0          0          0   _printf_o.o
       112          8          0          0          0        124   _printf_oct_int_ll.o
         6          0          0          0          0          0   _printf_p.o
        78          0          0          0          0        108   _printf_pad.o
         0          0          0          0          0          0   _printf_percent.o
         4          0          0          0          0          0   _printf_percent_end.o
         6          0          0          0          0          0   _printf_s.o
        82          0          0          0          0         80   _printf_str.o
        36          0          0          0          0         84   _printf_truncate.o
         6          0          0          0          0          0   _printf_u.o
        44          0          0          0          0        108   _printf_wchar.o
       188          6          8          0          0         92   _printf_wctomb.o
         6          0          0          0          0          0   _printf_x.o
        10          0          0          0          0         68   _sputc.o
        64          0          0          0          0         92   _wcrtomb.o
       220          4        148          0          0         96   bigflt0.o
      1910        128          0          0          0        672   btod.o
        12          0          0          0          0         72   exit.o
         8          0          0          0          0         68   ferror.o
         6          0          0          0          0        152   heapauxi.o
        44         10        272          0          0         76   lc_ctype_c.o
        44         10         28          0          0         76   lc_numeric_c.o
         2          0          0          0          0          0   libinit.o
        30          0          0          0          0          0   libinit2.o
         2          0          0          0          0          0   libshutdown.o
         2          0          0          0          0          0   libshutdown2.o
         8          4          0          0         96         68   libspace.o
       138          0          0          0          0         80   lludiv10.o
        24          4          0          0          0         84   printf.o
        16          4          0          0          0         76   rt_ctype_table.o
         8          4          0          0          0         68   rt_locale_intlibspace.o
        68          0          0          0          0         68   rt_memclr.o
        78          0          0          0          0         80   rt_memclr_w.o
       138          0          0          0          0         68   rt_memcpy_v6.o
       100          0          0          0          0         80   rt_memcpy_w.o
         2          0          0          0          0          0   rtexit.o
        10          0          0          0          0          0   rtexit2.o
       128          0          0          0          0         68   strcmpv7m.o
        62          0          0          0          0         76   strlen.o
        36          0          0          0          0         80   strstr.o
        74          0          0          0          0         80   sys_stackheap_outer.o
         2          0          0          0          0         68   use_no_semi.o
         2          0          0          0          0         68   use_no_semi_2.o
        36          4          0          0          0         76   vsprintf.o
        98          4          0          0          0         92   d2f.o
       688        140          0          0          0        208   ddiv.o
        46          0          0          0          0         68   dflt_clz.o
       156          4          0          0          0         92   dnaninf.o
        12          0          0          0          0         68   dretinf.o
        86          4          0          0          0         84   f2d.o
       140          4          0          0          0         84   fnaninf.o
        10          0          0          0          0         68   fretinf.o
         4          0          0          0          0         68   printf1.o
         4          0          0          0          0         68   printf2.o
         0          0          0          0          0          0   usenofp.o
        40          0          0          0          0         68   fpclassify.o

    ----------------------------------------------------------------------
      8558        436        556          0        100       5704   Library Totals
        20          0          5          0          4          0   (incl. Padding)

    ----------------------------------------------------------------------

      Code (inc. data)   RO Data    RW Data    ZI Data      Debug   Library Name

      7254        280        551          0         96       4736   c_w.l
      1244        156          0          0          0        900   fz_ws.l
        40          0          0          0          0         68   m_ws.l

    ----------------------------------------------------------------------
      8558        436        556          0        100       5704   Library Totals

    ----------------------------------------------------------------------

==============================================================================


      Code (inc. data)   RO Data    RW Data    ZI Data      Debug   

     19592       1836        848         44       2284     555603   Grand Totals
     19592       1836        848         44       2284     555603   ELF Image Totals
     19592       1836        848         44          0          0   ROM Totals

==============================================================================

    Total RO  Size (Code + RO Data)                20440 (  19.96kB)
    Total RW  Size (RW Data + ZI Data)              2328 (   2.27kB)
    Total ROM Size (Code + RO Data + RW Data)      20484 (  20.00kB)

==============================================================================

